[0.009s] Invoking command in '/home/shanthosh/Downloads/Project 4/project4_ws/build/moveit_resources_panda_description': CMAKE_PREFIX_PATH=/opt/ros/humble /usr/bin/cmake /home/shanthosh/Downloads/Project 4/project4_ws/src/panda_description -DPython3_EXECUTABLE=/usr/bin/python3 -DCMAKE_FIND_USE_PACKAGE_REGISTRY=FALSE -DCMAKE_FIND_USE_SYSTEM_PACKAGE_REGISTRY=FALSE -DCMAKE_IGNORE_PATH=/home/shanthosh/miniconda3 -DCMAKE_INSTALL_PREFIX=/home/shanthosh/Downloads/Project 4/project4_ws/install/moveit_resources_panda_description
[0.062s] -- The C compiler identification is GNU 11.4.0
[0.126s] -- The CXX compiler identification is GNU 11.4.0
[0.132s] -- Detecting C compiler ABI info
[0.190s] -- Detecting C compiler ABI info - done
[0.197s] -- Check for working C compiler: /usr/bin/cc - skipped
[0.197s] -- Detecting C compile features
[0.197s] -- Detecting C compile features - done
[0.200s] -- Detecting CXX compiler ABI info
[0.281s] -- Detecting CXX compiler ABI info - done
[0.288s] -- Check for working CXX compiler: /usr/bin/c++ - skipped
[0.288s] -- Detecting CXX compile features
[0.288s] -- Detecting CXX compile features - done
[0.290s] -- Found ament_cmake: 1.3.14 (/opt/ros/humble/share/ament_cmake/cmake)
[0.413s] -- Found Python3: /usr/bin/python3 (found version "3.10.12") found components: Interpreter 
[0.551s] -- Configuring done
[0.554s] -- Generating done
[0.556s] -- Build files have been written to: /home/shanthosh/Downloads/Project 4/project4_ws/build/moveit_resources_panda_description
[0.562s] Invoked command in '/home/shanthosh/Downloads/Project 4/project4_ws/build/moveit_resources_panda_description' returned '0': CMAKE_PREFIX_PATH=/opt/ros/humble /usr/bin/cmake /home/shanthosh/Downloads/Project 4/project4_ws/src/panda_description -DPython3_EXECUTABLE=/usr/bin/python3 -DCMAKE_FIND_USE_PACKAGE_REGISTRY=FALSE -DCMAKE_FIND_USE_SYSTEM_PACKAGE_REGISTRY=FALSE -DCMAKE_IGNORE_PATH=/home/shanthosh/miniconda3 -DCMAKE_INSTALL_PREFIX=/home/shanthosh/Downloads/Project 4/project4_ws/install/moveit_resources_panda_description
[0.563s] Invoking command in '/home/shanthosh/Downloads/Project 4/project4_ws/build/moveit_resources_panda_description': CMAKE_PREFIX_PATH=/opt/ros/humble /usr/bin/cmake --build /home/shanthosh/Downloads/Project 4/project4_ws/build/moveit_resources_panda_description -- -j12 -l12
[0.610s] Invoked command in '/home/shanthosh/Downloads/Project 4/project4_ws/build/moveit_resources_panda_description' returned '0': CMAKE_PREFIX_PATH=/opt/ros/humble /usr/bin/cmake --build /home/shanthosh/Downloads/Project 4/project4_ws/build/moveit_resources_panda_description -- -j12 -l12
[0.622s] Invoking command in '/home/shanthosh/Downloads/Project 4/project4_ws/build/moveit_resources_panda_description': CMAKE_PREFIX_PATH=/opt/ros/humble /usr/bin/cmake --install /home/shanthosh/Downloads/Project 4/project4_ws/build/moveit_resources_panda_description
[0.630s] -- Install configuration: ""
[0.630s] -- Installing: /home/shanthosh/Downloads/Project 4/project4_ws/install/moveit_resources_panda_description/share/ament_index/resource_index/package_run_dependencies/moveit_resources_panda_description
[0.631s] -- Installing: /home/shanthosh/Downloads/Project 4/project4_ws/install/moveit_resources_panda_description/share/ament_index/resource_index/parent_prefix_path/moveit_resources_panda_description
[0.631s] -- Installing: /home/shanthosh/Downloads/Project 4/project4_ws/install/moveit_resources_panda_description/share/moveit_resources_panda_description/environment/ament_prefix_path.sh
[0.631s] -- Installing: /home/shanthosh/Downloads/Project 4/project4_ws/install/moveit_resources_panda_description/share/moveit_resources_panda_description/environment/ament_prefix_path.dsv
[0.631s] -- Installing: /home/shanthosh/Downloads/Project 4/project4_ws/install/moveit_resources_panda_description/share/moveit_resources_panda_description/environment/path.sh
[0.632s] -- Installing: /home/shanthosh/Downloads/Project 4/project4_ws/install/moveit_resources_panda_description/share/moveit_resources_panda_description/environment/path.dsv
[0.632s] -- Installing: /home/shanthosh/Downloads/Project 4/project4_ws/install/moveit_resources_panda_description/share/moveit_resources_panda_description/local_setup.bash
[0.632s] -- Installing: /home/shanthosh/Downloads/Project 4/project4_ws/install/moveit_resources_panda_description/share/moveit_resources_panda_description/local_setup.sh
[0.632s] -- Installing: /home/shanthosh/Downloads/Project 4/project4_ws/install/moveit_resources_panda_description/share/moveit_resources_panda_description/local_setup.zsh
[0.633s] -- Installing: /home/shanthosh/Downloads/Project 4/project4_ws/install/moveit_resources_panda_description/share/moveit_resources_panda_description/local_setup.dsv
[0.633s] -- Installing: /home/shanthosh/Downloads/Project 4/project4_ws/install/moveit_resources_panda_description/share/moveit_resources_panda_description/package.dsv
[0.633s] -- Installing: /home/shanthosh/Downloads/Project 4/project4_ws/install/moveit_resources_panda_description/share/ament_index/resource_index/packages/moveit_resources_panda_description
[0.633s] -- Installing: /home/shanthosh/Downloads/Project 4/project4_ws/install/moveit_resources_panda_description/share/moveit_resources_panda_description/cmake/moveit_resources_panda_descriptionConfig.cmake
[0.634s] -- Installing: /home/shanthosh/Downloads/Project 4/project4_ws/install/moveit_resources_panda_description/share/moveit_resources_panda_description/cmake/moveit_resources_panda_descriptionConfig-version.cmake
[0.634s] -- Installing: /home/shanthosh/Downloads/Project 4/project4_ws/install/moveit_resources_panda_description/share/moveit_resources_panda_description/package.xml
[0.634s] -- Installing: /home/shanthosh/Downloads/Project 4/project4_ws/install/moveit_resources_panda_description/share/moveit_resources_panda_description/meshes
[0.634s] -- Installing: /home/shanthosh/Downloads/Project 4/project4_ws/install/moveit_resources_panda_description/share/moveit_resources_panda_description/meshes/visual
[0.634s] -- Installing: /home/shanthosh/Downloads/Project 4/project4_ws/install/moveit_resources_panda_description/share/moveit_resources_panda_description/meshes/visual/link7.dae
[0.636s] -- Installing: /home/shanthosh/Downloads/Project 4/project4_ws/install/moveit_resources_panda_description/share/moveit_resources_panda_description/meshes/visual/link3.dae
[0.638s] -- Installing: /home/shanthosh/Downloads/Project 4/project4_ws/install/moveit_resources_panda_description/share/moveit_resources_panda_description/meshes/visual/link5.dae
[0.641s] -- Installing: /home/shanthosh/Downloads/Project 4/project4_ws/install/moveit_resources_panda_description/share/moveit_resources_panda_description/meshes/visual/link1.dae
[0.643s] -- Installing: /home/shanthosh/Downloads/Project 4/project4_ws/install/moveit_resources_panda_description/share/moveit_resources_panda_description/meshes/visual/finger.dae
[0.643s] -- Installing: /home/shanthosh/Downloads/Project 4/project4_ws/install/moveit_resources_panda_description/share/moveit_resources_panda_description/meshes/visual/link0.dae
[0.645s] -- Installing: /home/shanthosh/Downloads/Project 4/project4_ws/install/moveit_resources_panda_description/share/moveit_resources_panda_description/meshes/visual/link4.dae
[0.647s] -- Installing: /home/shanthosh/Downloads/Project 4/project4_ws/install/moveit_resources_panda_description/share/moveit_resources_panda_description/meshes/visual/hand.dae
[0.648s] -- Installing: /home/shanthosh/Downloads/Project 4/project4_ws/install/moveit_resources_panda_description/share/moveit_resources_panda_description/meshes/visual/link2.dae
[0.649s] -- Installing: /home/shanthosh/Downloads/Project 4/project4_ws/install/moveit_resources_panda_description/share/moveit_resources_panda_description/meshes/visual/link6.dae
[0.652s] -- Installing: /home/shanthosh/Downloads/Project 4/project4_ws/install/moveit_resources_panda_description/share/moveit_resources_panda_description/meshes/collision
[0.652s] -- Installing: /home/shanthosh/Downloads/Project 4/project4_ws/install/moveit_resources_panda_description/share/moveit_resources_panda_description/meshes/collision/link5.stl
[0.652s] -- Installing: /home/shanthosh/Downloads/Project 4/project4_ws/install/moveit_resources_panda_description/share/moveit_resources_panda_description/meshes/collision/link4.stl
[0.652s] -- Installing: /home/shanthosh/Downloads/Project 4/project4_ws/install/moveit_resources_panda_description/share/moveit_resources_panda_description/meshes/collision/link2.stl
[0.653s] -- Installing: /home/shanthosh/Downloads/Project 4/project4_ws/install/moveit_resources_panda_description/share/moveit_resources_panda_description/meshes/collision/finger.stl
[0.653s] -- Installing: /home/shanthosh/Downloads/Project 4/project4_ws/install/moveit_resources_panda_description/share/moveit_resources_panda_description/meshes/collision/link1.stl
[0.653s] -- Installing: /home/shanthosh/Downloads/Project 4/project4_ws/install/moveit_resources_panda_description/share/moveit_resources_panda_description/meshes/collision/hand.stl
[0.653s] -- Installing: /home/shanthosh/Downloads/Project 4/project4_ws/install/moveit_resources_panda_description/share/moveit_resources_panda_description/meshes/collision/link0.stl
[0.653s] -- Installing: /home/shanthosh/Downloads/Project 4/project4_ws/install/moveit_resources_panda_description/share/moveit_resources_panda_description/meshes/collision/link3.stl
[0.653s] -- Installing: /home/shanthosh/Downloads/Project 4/project4_ws/install/moveit_resources_panda_description/share/moveit_resources_panda_description/meshes/collision/link7.stl
[0.653s] -- Installing: /home/shanthosh/Downloads/Project 4/project4_ws/install/moveit_resources_panda_description/share/moveit_resources_panda_description/meshes/collision/link6.stl
[0.653s] -- Installing: /home/shanthosh/Downloads/Project 4/project4_ws/install/moveit_resources_panda_description/share/moveit_resources_panda_description/urdf
[0.653s] -- Installing: /home/shanthosh/Downloads/Project 4/project4_ws/install/moveit_resources_panda_description/share/moveit_resources_panda_description/urdf/panda.urdf
[0.655s] Invoked command in '/home/shanthosh/Downloads/Project 4/project4_ws/build/moveit_resources_panda_description' returned '0': CMAKE_PREFIX_PATH=/opt/ros/humble /usr/bin/cmake --install /home/shanthosh/Downloads/Project 4/project4_ws/build/moveit_resources_panda_description
