[0.000000] (-) TimerEvent: {}
[0.000126] (package_uid) JobQueued: {'identifier': 'package_uid', 'dependencies': OrderedDict()}
[0.000161] (package_uid) JobStarted: {'identifier': 'package_uid'}
[0.099489] (-) TimerEvent: {}
[0.199754] (-) TimerEvent: {}
[0.299992] (-) TimerEvent: {}
[0.400199] (-) TimerEvent: {}
[0.500442] (-) TimerEvent: {}
[0.600681] (-) TimerEvent: {}
[0.700922] (-) TimerEvent: {}
[0.801181] (-) TimerEvent: {}
[0.901397] (-) TimerEvent: {}
[1.001581] (-) TimerEvent: {}
[1.101802] (-) TimerEvent: {}
[1.202046] (-) TimerEvent: {}
[1.302307] (-) TimerEvent: {}
[1.402511] (-) TimerEvent: {}
[1.502770] (-) TimerEvent: {}
[1.602988] (-) TimerEvent: {}
[1.703231] (-) TimerEvent: {}
[1.803503] (-) TimerEvent: {}
[1.903733] (-) TimerEvent: {}
[2.003969] (-) TimerEvent: {}
[2.104163] (-) TimerEvent: {}
[2.204354] (-) TimerEvent: {}
[2.304564] (-) TimerEvent: {}
[2.404804] (-) TimerEvent: {}
[2.505050] (-) TimerEvent: {}
[2.605304] (-) TimerEvent: {}
[2.705532] (-) TimerEvent: {}
[2.805770] (-) TimerEvent: {}
[2.906007] (-) TimerEvent: {}
[3.006295] (-) TimerEvent: {}
[3.106566] (-) TimerEvent: {}
[3.206787] (-) TimerEvent: {}
[3.307014] (-) TimerEvent: {}
[3.407193] (-) TimerEvent: {}
[3.507386] (-) TimerEvent: {}
[3.607606] (-) TimerEvent: {}
[3.707845] (-) TimerEvent: {}
[3.808123] (-) TimerEvent: {}
[3.908369] (-) TimerEvent: {}
[4.008575] (-) TimerEvent: {}
[4.108793] (-) TimerEvent: {}
[4.209025] (-) TimerEvent: {}
[4.309264] (-) TimerEvent: {}
[4.409493] (-) TimerEvent: {}
[4.509751] (-) TimerEvent: {}
[4.610008] (-) TimerEvent: {}
[4.710300] (-) TimerEvent: {}
[4.810595] (-) TimerEvent: {}
[4.910863] (-) TimerEvent: {}
[5.011116] (-) TimerEvent: {}
[5.111440] (-) TimerEvent: {}
[5.211737] (-) TimerEvent: {}
[5.311994] (-) TimerEvent: {}
[5.412211] (-) TimerEvent: {}
[5.512454] (-) TimerEvent: {}
[5.612680] (-) TimerEvent: {}
[5.712937] (-) TimerEvent: {}
[5.813191] (-) TimerEvent: {}
[5.913426] (-) TimerEvent: {}
[6.013707] (-) TimerEvent: {}
[6.113914] (-) TimerEvent: {}
[6.214135] (-) TimerEvent: {}
[6.314386] (-) TimerEvent: {}
[6.414618] (-) TimerEvent: {}
[6.514821] (-) TimerEvent: {}
[6.615050] (-) TimerEvent: {}
[6.715318] (-) TimerEvent: {}
[6.815536] (-) TimerEvent: {}
[6.915777] (-) TimerEvent: {}
[7.016009] (-) TimerEvent: {}
[7.116250] (-) TimerEvent: {}
[7.216524] (-) TimerEvent: {}
[7.316751] (-) TimerEvent: {}
[7.416927] (-) TimerEvent: {}
[7.517171] (-) TimerEvent: {}
[7.617420] (-) TimerEvent: {}
[7.717669] (-) TimerEvent: {}
[7.817883] (-) TimerEvent: {}
[7.918131] (-) TimerEvent: {}
[8.018356] (-) TimerEvent: {}
[8.118556] (-) TimerEvent: {}
[8.218801] (-) TimerEvent: {}
[8.319209] (-) TimerEvent: {}
[8.419559] (-) TimerEvent: {}
[8.519749] (-) TimerEvent: {}
[8.619996] (-) TimerEvent: {}
[8.720278] (-) TimerEvent: {}
[8.820492] (-) TimerEvent: {}
[8.920701] (-) TimerEvent: {}
[9.021040] (-) TimerEvent: {}
[9.121433] (-) TimerEvent: {}
[9.221688] (-) TimerEvent: {}
[9.321931] (-) TimerEvent: {}
[9.422144] (-) TimerEvent: {}
[9.522310] (-) TimerEvent: {}
[9.622483] (-) TimerEvent: {}
[9.722689] (-) TimerEvent: {}
[9.822917] (-) TimerEvent: {}
[9.923198] (-) TimerEvent: {}
[10.023419] (-) TimerEvent: {}
[10.123602] (-) TimerEvent: {}
[10.223825] (-) TimerEvent: {}
[10.324064] (-) TimerEvent: {}
[10.424301] (-) TimerEvent: {}
[10.524481] (-) TimerEvent: {}
[10.624670] (-) TimerEvent: {}
[10.724931] (-) TimerEvent: {}
[10.825196] (-) TimerEvent: {}
[10.925406] (-) TimerEvent: {}
[11.025592] (-) TimerEvent: {}
[11.125785] (-) TimerEvent: {}
[11.226014] (-) TimerEvent: {}
[11.326299] (-) TimerEvent: {}
[11.426470] (-) TimerEvent: {}
[11.526694] (-) TimerEvent: {}
[11.626962] (-) TimerEvent: {}
[11.727155] (-) TimerEvent: {}
[11.827338] (-) TimerEvent: {}
[11.927565] (-) TimerEvent: {}
[12.027789] (-) TimerEvent: {}
[12.127984] (-) TimerEvent: {}
[12.228194] (-) TimerEvent: {}
[12.328437] (-) TimerEvent: {}
[12.428659] (-) TimerEvent: {}
[12.528853] (-) TimerEvent: {}
[12.629093] (-) TimerEvent: {}
[12.729364] (-) TimerEvent: {}
[12.829521] (-) TimerEvent: {}
[12.929760] (-) TimerEvent: {}
[13.029972] (-) TimerEvent: {}
[13.130199] (-) TimerEvent: {}
[13.230415] (-) TimerEvent: {}
[13.330603] (-) TimerEvent: {}
[13.430852] (-) TimerEvent: {}
[13.531133] (-) TimerEvent: {}
[13.631353] (-) TimerEvent: {}
[13.731562] (-) TimerEvent: {}
[13.831737] (-) TimerEvent: {}
[13.931931] (-) TimerEvent: {}
[14.032165] (-) TimerEvent: {}
[14.132392] (-) TimerEvent: {}
[14.232628] (-) TimerEvent: {}
[14.332859] (-) TimerEvent: {}
[14.433065] (-) TimerEvent: {}
[14.533291] (-) TimerEvent: {}
[14.633515] (-) TimerEvent: {}
[14.733684] (-) TimerEvent: {}
[14.833934] (-) TimerEvent: {}
[14.934180] (-) TimerEvent: {}
[15.034412] (-) TimerEvent: {}
[15.134640] (-) TimerEvent: {}
[15.234832] (-) TimerEvent: {}
[15.335051] (-) TimerEvent: {}
[15.435320] (-) TimerEvent: {}
[15.535562] (-) TimerEvent: {}
[15.635770] (-) TimerEvent: {}
[15.735993] (-) TimerEvent: {}
[15.836191] (-) TimerEvent: {}
[15.936403] (-) TimerEvent: {}
[16.036613] (-) TimerEvent: {}
[16.136829] (-) TimerEvent: {}
[16.237043] (-) TimerEvent: {}
[16.337278] (-) TimerEvent: {}
[16.437456] (-) TimerEvent: {}
[16.537640] (-) TimerEvent: {}
[16.637820] (-) TimerEvent: {}
[16.738028] (-) TimerEvent: {}
[16.838247] (-) TimerEvent: {}
[16.938493] (-) TimerEvent: {}
[17.038720] (-) TimerEvent: {}
[17.138961] (-) TimerEvent: {}
[17.239213] (-) TimerEvent: {}
[17.339436] (-) TimerEvent: {}
[17.439642] (-) TimerEvent: {}
[17.539828] (-) TimerEvent: {}
[17.640090] (-) TimerEvent: {}
[17.740368] (-) TimerEvent: {}
[17.840570] (-) TimerEvent: {}
[17.940785] (-) TimerEvent: {}
[18.041034] (-) TimerEvent: {}
[18.141295] (-) TimerEvent: {}
[18.241488] (-) TimerEvent: {}
[18.341650] (-) TimerEvent: {}
[18.441816] (-) TimerEvent: {}
[18.541963] (-) TimerEvent: {}
[18.642181] (-) TimerEvent: {}
[18.742398] (-) TimerEvent: {}
[18.842584] (-) TimerEvent: {}
[18.942800] (-) TimerEvent: {}
[19.043041] (-) TimerEvent: {}
[19.143345] (-) TimerEvent: {}
[19.243573] (-) TimerEvent: {}
[19.343825] (-) TimerEvent: {}
[19.444031] (-) TimerEvent: {}
[19.544296] (-) TimerEvent: {}
[19.644602] (-) TimerEvent: {}
[19.744899] (-) TimerEvent: {}
[19.845138] (-) TimerEvent: {}
[19.945354] (-) TimerEvent: {}
[20.045601] (-) TimerEvent: {}
[20.145772] (-) TimerEvent: {}
[20.245939] (-) TimerEvent: {}
[20.346149] (-) TimerEvent: {}
[20.446395] (-) TimerEvent: {}
[20.546630] (-) TimerEvent: {}
[20.646844] (-) TimerEvent: {}
[20.747012] (-) TimerEvent: {}
[20.847181] (-) TimerEvent: {}
[20.947399] (-) TimerEvent: {}
[21.047631] (-) TimerEvent: {}
[21.147808] (-) TimerEvent: {}
[21.247994] (-) TimerEvent: {}
[21.348162] (-) TimerEvent: {}
[21.448360] (-) TimerEvent: {}
[21.548578] (-) TimerEvent: {}
[21.648756] (-) TimerEvent: {}
[21.748927] (-) TimerEvent: {}
[21.849113] (-) TimerEvent: {}
[21.949328] (-) TimerEvent: {}
[22.049546] (-) TimerEvent: {}
[22.149795] (-) TimerEvent: {}
[22.250072] (-) TimerEvent: {}
[22.350313] (-) TimerEvent: {}
[22.450595] (-) TimerEvent: {}
[22.550826] (-) TimerEvent: {}
[22.651049] (-) TimerEvent: {}
[22.751294] (-) TimerEvent: {}
[22.851551] (-) TimerEvent: {}
[22.951859] (-) TimerEvent: {}
[23.052125] (-) TimerEvent: {}
[23.152366] (-) TimerEvent: {}
[23.252569] (-) TimerEvent: {}
[23.352753] (-) TimerEvent: {}
[23.452938] (-) TimerEvent: {}
[23.553194] (-) TimerEvent: {}
[23.653447] (-) TimerEvent: {}
[23.753772] (-) TimerEvent: {}
[23.854068] (-) TimerEvent: {}
[23.954306] (-) TimerEvent: {}
[24.054518] (-) TimerEvent: {}
[24.154803] (-) TimerEvent: {}
[24.255085] (-) TimerEvent: {}
[24.355368] (-) TimerEvent: {}
[24.455611] (-) TimerEvent: {}
[24.555914] (-) TimerEvent: {}
[24.656208] (-) TimerEvent: {}
[24.756491] (-) TimerEvent: {}
[24.856719] (-) TimerEvent: {}
[24.956960] (-) TimerEvent: {}
[25.057205] (-) TimerEvent: {}
[25.157476] (-) TimerEvent: {}
[25.257765] (-) TimerEvent: {}
[25.357967] (-) TimerEvent: {}
[25.458114] (-) TimerEvent: {}
[25.558302] (-) TimerEvent: {}
[25.658528] (-) TimerEvent: {}
[25.758765] (-) TimerEvent: {}
[25.858952] (-) TimerEvent: {}
[25.959198] (-) TimerEvent: {}
[26.059484] (-) TimerEvent: {}
[26.159768] (-) TimerEvent: {}
[26.260030] (-) TimerEvent: {}
[26.360268] (-) TimerEvent: {}
[26.460501] (-) TimerEvent: {}
[26.560712] (-) TimerEvent: {}
[26.660929] (-) TimerEvent: {}
[26.761168] (-) TimerEvent: {}
[26.861358] (-) TimerEvent: {}
[26.961542] (-) TimerEvent: {}
[27.061718] (-) TimerEvent: {}
[27.161908] (-) TimerEvent: {}
[27.262110] (-) TimerEvent: {}
[27.362280] (-) TimerEvent: {}
[27.462489] (-) TimerEvent: {}
[27.562727] (-) TimerEvent: {}
[27.662968] (-) TimerEvent: {}
[27.763155] (-) TimerEvent: {}
[27.863395] (-) TimerEvent: {}
[27.963657] (-) TimerEvent: {}
[28.063894] (-) TimerEvent: {}
[28.164119] (-) TimerEvent: {}
[28.264315] (-) TimerEvent: {}
[28.364506] (-) TimerEvent: {}
[28.464694] (-) TimerEvent: {}
[28.564914] (-) TimerEvent: {}
[28.665170] (-) TimerEvent: {}
[28.765360] (-) TimerEvent: {}
[28.865566] (-) TimerEvent: {}
[28.965742] (-) TimerEvent: {}
[29.065941] (-) TimerEvent: {}
[29.166219] (-) TimerEvent: {}
[29.266434] (-) TimerEvent: {}
[29.366650] (-) TimerEvent: {}
[29.466923] (-) TimerEvent: {}
[29.567168] (-) TimerEvent: {}
[29.667356] (-) TimerEvent: {}
[29.767547] (-) TimerEvent: {}
[29.867766] (-) TimerEvent: {}
[29.967974] (-) TimerEvent: {}
[30.026977] (package_uid) JobProgress: {'identifier': 'package_uid', 'progress': 'cmake'}
[30.027777] (package_uid) JobProgress: {'identifier': 'package_uid', 'progress': 'build'}
[30.028418] (package_uid) Command: {'cmd': ['/usr/bin/cmake', '--build', '/home/shanthosh/Downloads/Project 4/build/package_uid', '--', '-j12', '-l12'], 'cwd': '/home/shanthosh/Downloads/Project 4/build/package_uid', 'env': OrderedDict([('USER', 'shanthosh'), ('SHLVL', '0'), ('LD_LIBRARY_PATH', '/opt/ros/humble/opt/rviz_ogre_vendor/lib:/opt/ros/humble/lib/x86_64-linux-gnu:/opt/ros/humble/lib'), ('HOME', '/home/shanthosh'), ('ROS_PYTHON_VERSION', '3'), ('LC_CTYPE', 'C.UTF-8'), ('ROS_DISTRO', 'humble'), ('_', '/usr/bin/colcon'), ('ROS_VERSION', '2'), ('TERM', 'xterm-256color'), ('ROS_LOCALHOST_ONLY', '0'), ('PATH', '/home/shanthosh/.local/bin:/usr/bin:/bin:/usr/sbin:/sbin:/opt/ros/humble/bin:/snap/bin'), ('AMENT_PREFIX_PATH', '/opt/ros/humble'), ('SHELL', '/bin/bash'), ('PWD', '/home/shanthosh/Downloads/Project 4/build/package_uid'), ('XDG_DATA_DIRS', '/usr/share/gnome:/usr/local/share:/usr/share:/var/lib/snapd/desktop'), ('PYTHONPATH', '/opt/ros/humble/lib/python3.10/site-packages:/opt/ros/humble/local/lib/python3.10/dist-packages'), ('COLCON', '1'), ('CMAKE_PREFIX_PATH', '/opt/ros/humble')]), 'shell': False}
[30.068080] (-) TimerEvent: {}
[30.084866] (package_uid) StdoutLine: {'line': b'Consolidate compiler generated dependencies of target pick_place_demo\n'}
[30.104936] (package_uid) StdoutLine: {'line': b'[ 50%] Linking CXX executable pick_place_demo\n'}
[30.168201] (-) TimerEvent: {}
[30.268423] (-) TimerEvent: {}
[30.310632] (package_uid) StderrLine: {'line': b"/usr/bin/ld: /home/shanthosh/miniconda3/lib/libssl.so.3: undefined reference to `X509_STORE_CTX_init_rpk@OPENSSL_3.2.0'\n"}
[30.311345] (package_uid) StderrLine: {'line': b"/usr/bin/ld: /home/shanthosh/miniconda3/lib/libssl.so.3: undefined reference to `BIO_recvmmsg@OPENSSL_3.2.0'\n"}
[30.312465] (package_uid) StderrLine: {'line': b"/usr/bin/ld: /home/shanthosh/miniconda3/lib/libssl.so.3: undefined reference to `OSSL_sleep@OPENSSL_3.2.0'\n"}
[30.314796] (package_uid) StderrLine: {'line': b"/usr/bin/ld: /home/shanthosh/miniconda3/lib/libssl.so.3: undefined reference to `OSSL_ERR_STATE_restore@OPENSSL_3.2.0'\n"}
[30.314929] (package_uid) StderrLine: {'line': b"/usr/bin/ld: /home/shanthosh/miniconda3/lib/libssl.so.3: undefined reference to `OPENSSL_strtoul@OPENSSL_3.4.0'\n"}
[30.315365] (package_uid) StderrLine: {'line': b"/usr/bin/ld: /home/shanthosh/miniconda3/lib/libssl.so.3: undefined reference to `OPENSSL_LH_set_thunks@OPENSSL_3.3.0'\n"}
[30.316261] (package_uid) StderrLine: {'line': b"/usr/bin/ld: /home/shanthosh/miniconda3/lib/libssl.so.3: undefined reference to `BIO_sendmmsg@OPENSSL_3.2.0'\n"}
[30.316819] (package_uid) StderrLine: {'line': b"/usr/bin/ld: /home/shanthosh/miniconda3/lib/libssl.so.3: undefined reference to `BIO_err_is_non_fatal@OPENSSL_3.2.0'\n"}
[30.317687] (package_uid) StderrLine: {'line': b"/usr/bin/ld: /home/shanthosh/miniconda3/lib/libssl.so.3: undefined reference to `BIO_get_rpoll_descriptor@OPENSSL_3.2.0'\n"}
[30.318162] (package_uid) StderrLine: {'line': b"/usr/bin/ld: /home/shanthosh/miniconda3/lib/libssl.so.3: undefined reference to `OSSL_ERR_STATE_free@OPENSSL_3.2.0'\n"}
[30.318469] (package_uid) StderrLine: {'line': b"/usr/bin/ld: /home/shanthosh/miniconda3/lib/libssl.so.3: undefined reference to `OSSL_LIB_CTX_get_data@OPENSSL_3.4.0'\n"}
[30.319024] (package_uid) StderrLine: {'line': b"/usr/bin/ld: /home/shanthosh/miniconda3/lib/libssl.so.3: undefined reference to `BIO_ADDR_copy@OPENSSL_3.2.0'\n"}
[30.319664] (package_uid) StderrLine: {'line': b"/usr/bin/ld: /home/shanthosh/miniconda3/lib/libssl.so.3: undefined reference to `OSSL_STACK_OF_X509_free@OPENSSL_3.2.0'\n"}
[30.320313] (package_uid) StderrLine: {'line': b"/usr/bin/ld: /home/shanthosh/miniconda3/lib/libssl.so.3: undefined reference to `OSSL_ERR_STATE_save_to_mark@OPENSSL_3.2.0'\n"}
[30.320622] (package_uid) StderrLine: {'line': b"/usr/bin/ld: /home/shanthosh/miniconda3/lib/libssl.so.3: undefined reference to `OSSL_ERR_STATE_save@OPENSSL_3.2.0'\n"}
[30.321040] (package_uid) StderrLine: {'line': b"/usr/bin/ld: /home/shanthosh/miniconda3/lib/libssl.so.3: undefined reference to `BIO_get_wpoll_descriptor@OPENSSL_3.2.0'\n"}
[30.321331] (package_uid) StderrLine: {'line': b"/usr/bin/ld: /home/shanthosh/miniconda3/lib/libssl.so.3: undefined reference to `BIO_s_dgram_mem@OPENSSL_3.2.0'\n"}
[30.321601] (package_uid) StderrLine: {'line': b"/usr/bin/ld: /home/shanthosh/miniconda3/lib/libssl.so.3: undefined reference to `EVP_MD_CTX_get_size_ex@OPENSSL_3.4.0'\n"}
[30.322038] (package_uid) StderrLine: {'line': b"/usr/bin/ld: /home/shanthosh/miniconda3/lib/libssl.so.3: undefined reference to `OSSL_LIB_CTX_get_conf_diagnostics@OPENSSL_3.4.0'\n"}
[30.322867] (package_uid) StderrLine: {'line': b"/usr/bin/ld: /home/shanthosh/miniconda3/lib/libssl.so.3: undefined reference to `OSSL_ERR_STATE_new@OPENSSL_3.2.0'\n"}
[30.323319] (package_uid) StderrLine: {'line': b"/usr/bin/ld: /home/shanthosh/miniconda3/lib/libssl.so.3: undefined reference to `ERR_count_to_mark@OPENSSL_3.2.0'\n"}
[30.333881] (package_uid) StderrLine: {'line': b'collect2: error: ld returned 1 exit status\n'}
[30.335916] (package_uid) StderrLine: {'line': b'gmake[2]: *** [CMakeFiles/pick_place_demo.dir/build.make:355: pick_place_demo] Error 1\n'}
[30.336170] (package_uid) StderrLine: {'line': b'gmake[1]: *** [CMakeFiles/Makefile2:137: CMakeFiles/pick_place_demo.dir/all] Error 2\n'}
[30.336331] (package_uid) StderrLine: {'line': b'gmake: *** [Makefile:146: all] Error 2\n'}
[30.338604] (package_uid) CommandEnded: {'returncode': 2}
[30.345767] (package_uid) JobEnded: {'identifier': 'package_uid', 'rc': 2}
[30.346288] (-) EventReactorShutdown: {}
