Consolidate compiler generated dependencies of target pick_place_demo
[ 50%] Building CXX object CMakeFiles/pick_place_demo.dir/src/pick_place_demo.cpp.o
[100%] Linking CXX executable pick_place_demo
[100%] Built target pick_place_demo
-- Install configuration: ""
-- Installing: /home/shanthosh/Downloads/Project 4/project4_ws/install/package_uid/lib/package_uid/pick_place_demo
-- Set runtime path of "/home/shanthosh/Downloads/Project 4/project4_ws/install/package_uid/lib/package_uid/pick_place_demo" to ""
-- Up-to-date: /home/shanthosh/Downloads/Project 4/project4_ws/install/package_uid/share/package_uid/config
-- Up-to-date: /home/shanthosh/Downloads/Project 4/project4_ws/install/package_uid/share/package_uid/config/pick_place_demo.yaml
-- Up-to-date: /home/shanthosh/Downloads/Project 4/project4_ws/install/package_uid/share/package_uid/launch
-- Up-to-date: /home/shanthosh/Downloads/Project 4/project4_ws/install/package_uid/share/package_uid/launch/pick_place_demo.launch.py
-- Up-to-date: /home/shanthosh/Downloads/Project 4/project4_ws/install/package_uid/share/package_uid/README.md
-- Up-to-date: /home/shanthosh/Downloads/Project 4/project4_ws/install/package_uid/share/package_uid/package.xml
-- Up-to-date: /home/shanthosh/Downloads/Project 4/project4_ws/install/package_uid/share/ament_index/resource_index/package_run_dependencies/package_uid
-- Up-to-date: /home/shanthosh/Downloads/Project 4/project4_ws/install/package_uid/share/ament_index/resource_index/parent_prefix_path/package_uid
-- Up-to-date: /home/shanthosh/Downloads/Project 4/project4_ws/install/package_uid/share/package_uid/environment/ament_prefix_path.sh
-- Up-to-date: /home/shanthosh/Downloads/Project 4/project4_ws/install/package_uid/share/package_uid/environment/ament_prefix_path.dsv
-- Up-to-date: /home/shanthosh/Downloads/Project 4/project4_ws/install/package_uid/share/package_uid/environment/path.sh
-- Up-to-date: /home/shanthosh/Downloads/Project 4/project4_ws/install/package_uid/share/package_uid/environment/path.dsv
-- Up-to-date: /home/shanthosh/Downloads/Project 4/project4_ws/install/package_uid/share/package_uid/local_setup.bash
-- Up-to-date: /home/shanthosh/Downloads/Project 4/project4_ws/install/package_uid/share/package_uid/local_setup.sh
-- Up-to-date: /home/shanthosh/Downloads/Project 4/project4_ws/install/package_uid/share/package_uid/local_setup.zsh
-- Up-to-date: /home/shanthosh/Downloads/Project 4/project4_ws/install/package_uid/share/package_uid/local_setup.dsv
-- Installing: /home/shanthosh/Downloads/Project 4/project4_ws/install/package_uid/share/package_uid/package.dsv
-- Up-to-date: /home/shanthosh/Downloads/Project 4/project4_ws/install/package_uid/share/ament_index/resource_index/packages/package_uid
-- Up-to-date: /home/shanthosh/Downloads/Project 4/project4_ws/install/package_uid/share/package_uid/cmake/package_uidConfig.cmake
-- Up-to-date: /home/shanthosh/Downloads/Project 4/project4_ws/install/package_uid/share/package_uid/cmake/package_uidConfig-version.cmake
-- Up-to-date: /home/shanthosh/Downloads/Project 4/project4_ws/install/package_uid/share/package_uid/package.xml
