[0.011s] Invoking command in '/home/shanthosh/Downloads/Project 4/project4_ws/build/package_uid': CMAKE_PREFIX_PATH=/opt/ros/humble /usr/bin/cmake --build /home/shanthosh/Downloads/Project 4/project4_ws/build/package_uid -- -j12 -l12
[0.075s] Consolidate compiler generated dependencies of target pick_place_demo
[0.096s] [ 50%] Building CXX object CMakeFiles/pick_place_demo.dir/src/pick_place_demo.cpp.o
[6.566s] [100%] Linking CXX executable pick_place_demo
[6.800s] [100%] Built target pick_place_demo
[6.813s] Invoked command in '/home/shanthosh/Downloads/Project 4/project4_ws/build/package_uid' returned '0': CMAKE_PREFIX_PATH=/opt/ros/humble /usr/bin/cmake --build /home/shanthosh/Downloads/Project 4/project4_ws/build/package_uid -- -j12 -l12
[6.823s] Invoking command in '/home/shanthosh/Downloads/Project 4/project4_ws/build/package_uid': CMAKE_PREFIX_PATH=/opt/ros/humble /usr/bin/cmake --install /home/shanthosh/Downloads/Project 4/project4_ws/build/package_uid
[6.831s] -- Install configuration: ""
[6.832s] -- Installing: /home/shanthosh/Downloads/Project 4/project4_ws/install/package_uid/lib/package_uid/pick_place_demo
[6.833s] -- Set runtime path of "/home/shanthosh/Downloads/Project 4/project4_ws/install/package_uid/lib/package_uid/pick_place_demo" to ""
[6.833s] -- Up-to-date: /home/shanthosh/Downloads/Project 4/project4_ws/install/package_uid/share/package_uid/config
[6.833s] -- Up-to-date: /home/shanthosh/Downloads/Project 4/project4_ws/install/package_uid/share/package_uid/config/pick_place_demo.yaml
[6.833s] -- Up-to-date: /home/shanthosh/Downloads/Project 4/project4_ws/install/package_uid/share/package_uid/launch
[6.834s] -- Up-to-date: /home/shanthosh/Downloads/Project 4/project4_ws/install/package_uid/share/package_uid/launch/pick_place_demo.launch.py
[6.834s] -- Up-to-date: /home/shanthosh/Downloads/Project 4/project4_ws/install/package_uid/share/package_uid/README.md
[6.834s] -- Up-to-date: /home/shanthosh/Downloads/Project 4/project4_ws/install/package_uid/share/package_uid/package.xml
[6.834s] -- Up-to-date: /home/shanthosh/Downloads/Project 4/project4_ws/install/package_uid/share/ament_index/resource_index/package_run_dependencies/package_uid
[6.834s] -- Up-to-date: /home/shanthosh/Downloads/Project 4/project4_ws/install/package_uid/share/ament_index/resource_index/parent_prefix_path/package_uid
[6.834s] -- Up-to-date: /home/shanthosh/Downloads/Project 4/project4_ws/install/package_uid/share/package_uid/environment/ament_prefix_path.sh
[6.834s] -- Up-to-date: /home/shanthosh/Downloads/Project 4/project4_ws/install/package_uid/share/package_uid/environment/ament_prefix_path.dsv
[6.834s] -- Up-to-date: /home/shanthosh/Downloads/Project 4/project4_ws/install/package_uid/share/package_uid/environment/path.sh
[6.834s] -- Up-to-date: /home/shanthosh/Downloads/Project 4/project4_ws/install/package_uid/share/package_uid/environment/path.dsv
[6.834s] -- Up-to-date: /home/shanthosh/Downloads/Project 4/project4_ws/install/package_uid/share/package_uid/local_setup.bash
[6.834s] -- Up-to-date: /home/shanthosh/Downloads/Project 4/project4_ws/install/package_uid/share/package_uid/local_setup.sh
[6.834s] -- Up-to-date: /home/shanthosh/Downloads/Project 4/project4_ws/install/package_uid/share/package_uid/local_setup.zsh
[6.834s] -- Up-to-date: /home/shanthosh/Downloads/Project 4/project4_ws/install/package_uid/share/package_uid/local_setup.dsv
[6.834s] -- Installing: /home/shanthosh/Downloads/Project 4/project4_ws/install/package_uid/share/package_uid/package.dsv
[6.834s] -- Up-to-date: /home/shanthosh/Downloads/Project 4/project4_ws/install/package_uid/share/ament_index/resource_index/packages/package_uid
[6.834s] -- Up-to-date: /home/shanthosh/Downloads/Project 4/project4_ws/install/package_uid/share/package_uid/cmake/package_uidConfig.cmake
[6.834s] -- Up-to-date: /home/shanthosh/Downloads/Project 4/project4_ws/install/package_uid/share/package_uid/cmake/package_uidConfig-version.cmake
[6.834s] -- Up-to-date: /home/shanthosh/Downloads/Project 4/project4_ws/install/package_uid/share/package_uid/package.xml
[6.835s] Invoked command in '/home/shanthosh/Downloads/Project 4/project4_ws/build/package_uid' returned '0': CMAKE_PREFIX_PATH=/opt/ros/humble /usr/bin/cmake --install /home/shanthosh/Downloads/Project 4/project4_ws/build/package_uid
