-- The C compiler identification is GNU 11.4.0
-- The CXX compiler identification is GNU 11.4.0
-- Detecting C compiler ABI info
-- Detecting C compiler ABI info - done
-- Check for working C compiler: /usr/bin/cc - skipped
-- Detecting C compile features
-- Detecting C compile features - done
-- Detecting CXX compiler ABI info
-- Detecting CXX compiler ABI info - done
-- Check for working CXX compiler: /usr/bin/c++ - skipped
-- Detecting CXX compile features
-- Detecting CXX compile features - done
-- Found ament_cmake: 1.3.14 (/opt/ros/humble/share/ament_cmake/cmake)
-- Found Python3: /usr/bin/python3 (found version "3.10.12") found components: Interpreter 
-- Found rclcpp: 16.0.19 (/opt/ros/humble/share/rclcpp/cmake)
-- Found rosidl_generator_c: 3.1.8 (/opt/ros/humble/share/rosidl_generator_c/cmake)
-- Found rosidl_adapter: 3.1.8 (/opt/ros/humble/share/rosidl_adapter/cmake)
-- Found rosidl_generator_cpp: 3.1.8 (/opt/ros/humble/share/rosidl_generator_cpp/cmake)
-- Using all available rosidl_typesupport_c: rosidl_typesupport_fastrtps_c;rosidl_typesupport_introspection_c
-- Using all available rosidl_typesupport_cpp: rosidl_typesupport_fastrtps_cpp;rosidl_typesupport_introspection_cpp
-- Found rmw_implementation_cmake: 6.1.2 (/opt/ros/humble/share/rmw_implementation_cmake/cmake)
-- Found rmw_fastrtps_cpp: 6.2.10 (/opt/ros/humble/share/rmw_fastrtps_cpp/cmake)
-- Found OpenSSL: /usr/lib/x86_64-linux-gnu/libcrypto.so (found version "3.0.2")  
-- Found FastRTPS: /opt/ros/humble/include  
-- Using RMW implementation 'rmw_fastrtps_cpp' as default
-- Looking for pthread.h
-- Looking for pthread.h - found
-- Performing Test CMAKE_HAVE_LIBC_PTHREAD
-- Performing Test CMAKE_HAVE_LIBC_PTHREAD - Success
-- Found Threads: TRUE  
-- Found moveit_ros_planning_interface: 2.5.9 (/opt/ros/humble/share/moveit_ros_planning_interface/cmake)
-- Found Boost: /usr/lib/x86_64-linux-gnu/cmake/Boost-1.74.0/BoostConfig.cmake (found version "1.74.0") found components: date_time filesystem program_options system thread 
-- Found Boost: /usr/lib/x86_64-linux-gnu/cmake/Boost-1.74.0/BoostConfig.cmake (found version "1.74.0") found components: chrono date_time filesystem iostreams program_options regex serialization system thread 
-- Found parameter_traits: 0.7.1 (/opt/ros/humble/share/parameter_traits/cmake)
-- Found rclcpp_lifecycle: 16.0.19 (/opt/ros/humble/share/rclcpp_lifecycle/cmake)
-- Found Boost: /usr/lib/x86_64-linux-gnu/cmake/Boost-1.74.0/BoostConfig.cmake (found version "1.74.0") found components: filesystem 
-- library: /usr/lib/x86_64-linux-gnu/libcurl.so
-- Found Eigen3: TRUE (found version "3.4.0") 
-- Ensuring Eigen3 include directory is part of orocos-kdl CMake target
-- Found Boost: /usr/lib/x86_64-linux-gnu/cmake/Boost-1.74.0/BoostConfig.cmake (found version "1.74.0") found components: system filesystem date_time program_options thread chrono 
-- Found Boost: /usr/lib/x86_64-linux-gnu/cmake/Boost-1.74.0/BoostConfig.cmake (found version "1.74.0") found components: thread system filesystem regex date_time program_options 
-- Found Boost: /usr/lib/x86_64-linux-gnu/cmake/Boost-1.74.0/BoostConfig.cmake (found version "1.74.0") found components: system filesystem date_time program_options thread 
-- Configuring done
-- Generating done
-- Build files have been written to: /home/shanthosh/Downloads/Project 4/build/package_uid
Consolidate compiler generated dependencies of target pick_place_demo
[ 50%] Building CXX object CMakeFiles/pick_place_demo.dir/src/pick_place_demo.cpp.o
[100%] Linking CXX executable pick_place_demo
[100%] Built target pick_place_demo
-- Install configuration: ""
-- Installing: /home/shanthosh/Downloads/Project 4/install/package_uid/lib/package_uid/pick_place_demo
-- Set runtime path of "/home/shanthosh/Downloads/Project 4/install/package_uid/lib/package_uid/pick_place_demo" to ""
-- Installing: /home/shanthosh/Downloads/Project 4/install/package_uid/share/package_uid/config
-- Installing: /home/shanthosh/Downloads/Project 4/install/package_uid/share/package_uid/config/pick_place_demo.yaml
-- Installing: /home/shanthosh/Downloads/Project 4/install/package_uid/share/package_uid/launch
-- Installing: /home/shanthosh/Downloads/Project 4/install/package_uid/share/package_uid/launch/pick_place_demo.launch.py
-- Installing: /home/shanthosh/Downloads/Project 4/install/package_uid/share/package_uid/README.md
-- Installing: /home/shanthosh/Downloads/Project 4/install/package_uid/share/package_uid/package.xml
-- Installing: /home/shanthosh/Downloads/Project 4/install/package_uid/share/ament_index/resource_index/package_run_dependencies/package_uid
-- Installing: /home/shanthosh/Downloads/Project 4/install/package_uid/share/ament_index/resource_index/parent_prefix_path/package_uid
-- Installing: /home/shanthosh/Downloads/Project 4/install/package_uid/share/package_uid/environment/ament_prefix_path.sh
-- Installing: /home/shanthosh/Downloads/Project 4/install/package_uid/share/package_uid/environment/ament_prefix_path.dsv
-- Installing: /home/shanthosh/Downloads/Project 4/install/package_uid/share/package_uid/environment/path.sh
-- Installing: /home/shanthosh/Downloads/Project 4/install/package_uid/share/package_uid/environment/path.dsv
-- Installing: /home/shanthosh/Downloads/Project 4/install/package_uid/share/package_uid/local_setup.bash
-- Installing: /home/shanthosh/Downloads/Project 4/install/package_uid/share/package_uid/local_setup.sh
-- Installing: /home/shanthosh/Downloads/Project 4/install/package_uid/share/package_uid/local_setup.zsh
-- Installing: /home/shanthosh/Downloads/Project 4/install/package_uid/share/package_uid/local_setup.dsv
-- Installing: /home/shanthosh/Downloads/Project 4/install/package_uid/share/package_uid/package.dsv
-- Installing: /home/shanthosh/Downloads/Project 4/install/package_uid/share/ament_index/resource_index/packages/package_uid
-- Installing: /home/shanthosh/Downloads/Project 4/install/package_uid/share/package_uid/cmake/package_uidConfig.cmake
-- Installing: /home/shanthosh/Downloads/Project 4/install/package_uid/share/package_uid/cmake/package_uidConfig-version.cmake
-- Up-to-date: /home/shanthosh/Downloads/Project 4/install/package_uid/share/package_uid/package.xml
