[0.007s] Invoking command in '/home/shanthosh/Downloads/Project 4/build/package_uid': CMAKE_PREFIX_PATH=/opt/ros/humble /usr/bin/cmake /home/shanthosh/Downloads/Project 4/src/package_uid -DPython3_EXECUTABLE=/usr/bin/python3 -DCMAKE_FIND_USE_PACKAGE_REGISTRY=FALSE -DCMAKE_FIND_USE_SYSTEM_PACKAGE_REGISTRY=FALSE -DCMAKE_IGNORE_PREFIX_PATH=/home/shanthosh/miniconda3 -DCMAKE_IGNORE_PATH=/home/shanthosh/miniconda3 -DCMAKE_INSTALL_PREFIX=/home/shanthosh/Downloads/Project 4/install/package_uid
[0.052s] -- The C compiler identification is GNU 11.4.0
[0.096s] -- The CXX compiler identification is GNU 11.4.0
[0.101s] -- Detecting C compiler ABI info
[0.163s] -- Detecting C compiler ABI info - done
[0.168s] -- Check for working C compiler: /usr/bin/cc - skipped
[0.168s] -- Detecting C compile features
[0.168s] -- Detecting C compile features - done
[0.170s] -- Detecting CXX compiler ABI info
[0.238s] -- Detecting CXX compiler ABI info - done
[0.243s] -- Check for working CXX compiler: /usr/bin/c++ - skipped
[0.243s] -- Detecting CXX compile features
[0.244s] -- Detecting CXX compile features - done
[0.245s] -- Found ament_cmake: 1.3.14 (/opt/ros/humble/share/ament_cmake/cmake)
[0.350s] -- Found Python3: /usr/bin/python3 (found version "3.10.12") found components: Interpreter 
[0.429s] -- Found rclcpp: 16.0.19 (/opt/ros/humble/share/rclcpp/cmake)
[0.458s] -- Found rosidl_generator_c: 3.1.8 (/opt/ros/humble/share/rosidl_generator_c/cmake)
[0.461s] -- Found rosidl_adapter: 3.1.8 (/opt/ros/humble/share/rosidl_adapter/cmake)
[0.467s] -- Found rosidl_generator_cpp: 3.1.8 (/opt/ros/humble/share/rosidl_generator_cpp/cmake)
[0.475s] -- Using all available rosidl_typesupport_c: rosidl_typesupport_fastrtps_c;rosidl_typesupport_introspection_c
[0.485s] -- Using all available rosidl_typesupport_cpp: rosidl_typesupport_fastrtps_cpp;rosidl_typesupport_introspection_cpp
[0.515s] -- Found rmw_implementation_cmake: 6.1.2 (/opt/ros/humble/share/rmw_implementation_cmake/cmake)
[0.516s] -- Found rmw_fastrtps_cpp: 6.2.10 (/opt/ros/humble/share/rmw_fastrtps_cpp/cmake)
[0.595s] -- Found OpenSSL: /usr/lib/x86_64-linux-gnu/libcrypto.so (found version "3.0.2")  
[0.615s] -- Found FastRTPS: /opt/ros/humble/include  
[0.647s] -- Using RMW implementation 'rmw_fastrtps_cpp' as default
[0.653s] -- Looking for pthread.h
[0.715s] -- Looking for pthread.h - found
[0.715s] -- Performing Test CMAKE_HAVE_LIBC_PTHREAD
[0.782s] -- Performing Test CMAKE_HAVE_LIBC_PTHREAD - Success
[0.783s] -- Found Threads: TRUE  
[0.816s] -- Found moveit_ros_planning_interface: 2.5.9 (/opt/ros/humble/share/moveit_ros_planning_interface/cmake)
[0.833s] -- Found Boost: /usr/lib/x86_64-linux-gnu/cmake/Boost-1.74.0/BoostConfig.cmake (found version "1.74.0") found components: date_time filesystem program_options system thread 
[0.942s] -- Found Boost: /usr/lib/x86_64-linux-gnu/cmake/Boost-1.74.0/BoostConfig.cmake (found version "1.74.0") found components: chrono date_time filesystem iostreams program_options regex serialization system thread 
[0.972s] -- Found parameter_traits: 0.7.1 (/opt/ros/humble/share/parameter_traits/cmake)
[0.992s] -- Found rclcpp_lifecycle: 16.0.19 (/opt/ros/humble/share/rclcpp_lifecycle/cmake)
[1.008s] -- Found Boost: /usr/lib/x86_64-linux-gnu/cmake/Boost-1.74.0/BoostConfig.cmake (found version "1.74.0") found components: filesystem 
[1.096s] -- library: /usr/lib/x86_64-linux-gnu/libcurl.so
[1.120s] -- Found Eigen3: TRUE (found version "3.4.0") 
[1.121s] -- Ensuring Eigen3 include directory is part of orocos-kdl CMake target
[1.209s] -- Found Boost: /usr/lib/x86_64-linux-gnu/cmake/Boost-1.74.0/BoostConfig.cmake (found version "1.74.0") found components: system filesystem date_time program_options thread chrono 
[1.231s] -- Found Boost: /usr/lib/x86_64-linux-gnu/cmake/Boost-1.74.0/BoostConfig.cmake (found version "1.74.0") found components: thread system filesystem regex date_time program_options 
[1.246s] -- Found Boost: /usr/lib/x86_64-linux-gnu/cmake/Boost-1.74.0/BoostConfig.cmake (found version "1.74.0") found components: system filesystem date_time program_options thread 
[1.313s] -- Configuring done
[1.333s] -- Generating done
[1.334s] CMake Warning:
[1.334s]   Manually-specified variables were not used by the project:
[1.335s] 
[1.335s]     CMAKE_IGNORE_PREFIX_PATH
[1.335s] 
[1.335s] 
[1.338s] -- Build files have been written to: /home/shanthosh/Downloads/Project 4/build/package_uid
[1.348s] Invoked command in '/home/shanthosh/Downloads/Project 4/build/package_uid' returned '0': CMAKE_PREFIX_PATH=/opt/ros/humble /usr/bin/cmake /home/shanthosh/Downloads/Project 4/src/package_uid -DPython3_EXECUTABLE=/usr/bin/python3 -DCMAKE_FIND_USE_PACKAGE_REGISTRY=FALSE -DCMAKE_FIND_USE_SYSTEM_PACKAGE_REGISTRY=FALSE -DCMAKE_IGNORE_PREFIX_PATH=/home/shanthosh/miniconda3 -DCMAKE_IGNORE_PATH=/home/shanthosh/miniconda3 -DCMAKE_INSTALL_PREFIX=/home/shanthosh/Downloads/Project 4/install/package_uid
[1.349s] Invoking command in '/home/shanthosh/Downloads/Project 4/build/package_uid': CMAKE_PREFIX_PATH=/opt/ros/humble /usr/bin/cmake --build /home/shanthosh/Downloads/Project 4/build/package_uid -- -j12 -l12
[1.399s] Consolidate compiler generated dependencies of target pick_place_demo
[1.416s] [ 50%] Building CXX object CMakeFiles/pick_place_demo.dir/src/pick_place_demo.cpp.o
[6.725s] [100%] Linking CXX executable pick_place_demo
[6.966s] [100%] Built target pick_place_demo
[6.978s] Invoked command in '/home/shanthosh/Downloads/Project 4/build/package_uid' returned '0': CMAKE_PREFIX_PATH=/opt/ros/humble /usr/bin/cmake --build /home/shanthosh/Downloads/Project 4/build/package_uid -- -j12 -l12
[6.987s] Invoking command in '/home/shanthosh/Downloads/Project 4/build/package_uid': CMAKE_PREFIX_PATH=/opt/ros/humble /usr/bin/cmake --install /home/shanthosh/Downloads/Project 4/build/package_uid
[6.993s] -- Install configuration: ""
[6.993s] -- Installing: /home/shanthosh/Downloads/Project 4/install/package_uid/lib/package_uid/pick_place_demo
[6.994s] -- Set runtime path of "/home/shanthosh/Downloads/Project 4/install/package_uid/lib/package_uid/pick_place_demo" to ""
[6.994s] -- Installing: /home/shanthosh/Downloads/Project 4/install/package_uid/share/package_uid/config
[6.994s] -- Installing: /home/shanthosh/Downloads/Project 4/install/package_uid/share/package_uid/config/pick_place_demo.yaml
[6.995s] -- Installing: /home/shanthosh/Downloads/Project 4/install/package_uid/share/package_uid/launch
[6.995s] -- Installing: /home/shanthosh/Downloads/Project 4/install/package_uid/share/package_uid/launch/pick_place_demo.launch.py
[6.995s] -- Installing: /home/shanthosh/Downloads/Project 4/install/package_uid/share/package_uid/README.md
[6.995s] -- Installing: /home/shanthosh/Downloads/Project 4/install/package_uid/share/package_uid/package.xml
[6.995s] -- Installing: /home/shanthosh/Downloads/Project 4/install/package_uid/share/ament_index/resource_index/package_run_dependencies/package_uid
[6.995s] -- Installing: /home/shanthosh/Downloads/Project 4/install/package_uid/share/ament_index/resource_index/parent_prefix_path/package_uid
[6.995s] -- Installing: /home/shanthosh/Downloads/Project 4/install/package_uid/share/package_uid/environment/ament_prefix_path.sh
[6.995s] -- Installing: /home/shanthosh/Downloads/Project 4/install/package_uid/share/package_uid/environment/ament_prefix_path.dsv
[6.995s] -- Installing: /home/shanthosh/Downloads/Project 4/install/package_uid/share/package_uid/environment/path.sh
[6.995s] -- Installing: /home/shanthosh/Downloads/Project 4/install/package_uid/share/package_uid/environment/path.dsv
[6.996s] -- Installing: /home/shanthosh/Downloads/Project 4/install/package_uid/share/package_uid/local_setup.bash
[6.996s] -- Installing: /home/shanthosh/Downloads/Project 4/install/package_uid/share/package_uid/local_setup.sh
[6.996s] -- Installing: /home/shanthosh/Downloads/Project 4/install/package_uid/share/package_uid/local_setup.zsh
[6.996s] -- Installing: /home/shanthosh/Downloads/Project 4/install/package_uid/share/package_uid/local_setup.dsv
[6.996s] -- Installing: /home/shanthosh/Downloads/Project 4/install/package_uid/share/package_uid/package.dsv
[6.996s] -- Installing: /home/shanthosh/Downloads/Project 4/install/package_uid/share/ament_index/resource_index/packages/package_uid
[6.996s] -- Installing: /home/shanthosh/Downloads/Project 4/install/package_uid/share/package_uid/cmake/package_uidConfig.cmake
[6.996s] -- Installing: /home/shanthosh/Downloads/Project 4/install/package_uid/share/package_uid/cmake/package_uidConfig-version.cmake
[6.997s] -- Up-to-date: /home/shanthosh/Downloads/Project 4/install/package_uid/share/package_uid/package.xml
[30.017s] Invoked command in '/home/shanthosh/Downloads/Project 4/build/package_uid' returned '0': CMAKE_PREFIX_PATH=/opt/ros/humble /usr/bin/cmake --install /home/shanthosh/Downloads/Project 4/build/package_uid
