[0.006s] Invoking command in '/home/shanthosh/Downloads/Project 4/project4_ws/build/package_uid': CMAKE_PREFIX_PATH=/opt/ros/humble /usr/bin/cmake /home/shanthosh/Downloads/Project 4/project4_ws/src/package_uid -DPython3_EXECUTABLE=/usr/bin/python3 -DCMAKE_FIND_USE_PACKAGE_REGISTRY=FALSE -DCMAKE_FIND_USE_SYSTEM_PACKAGE_REGISTRY=FALSE -DCMAKE_IGNORE_PATH=/home/shanthosh/miniconda3 -DCMAKE_INSTALL_PREFIX=/home/shanthosh/Downloads/Project 4/project4_ws/install/package_uid
[0.059s] -- The C compiler identification is GNU 11.4.0
[0.120s] -- The CXX compiler identification is GNU 11.4.0
[0.128s] -- Detecting C compiler ABI info
[0.194s] -- Detecting C compiler ABI info - done
[0.199s] -- Check for working C compiler: /usr/bin/cc - skipped
[0.199s] -- Detecting C compile features
[0.199s] -- Detecting C compile features - done
[0.202s] -- Detecting CXX compiler ABI info
[0.270s] -- Detecting CXX compiler ABI info - done
[0.276s] -- Check for working CXX compiler: /usr/bin/c++ - skipped
[0.276s] -- Detecting CXX compile features
[0.277s] -- Detecting CXX compile features - done
[0.280s] -- Found ament_cmake: 1.3.14 (/opt/ros/humble/share/ament_cmake/cmake)
[0.400s] -- Found Python3: /usr/bin/python3 (found version "3.10.12") found components: Interpreter 
[0.480s] -- Found rclcpp: 16.0.19 (/opt/ros/humble/share/rclcpp/cmake)
[0.512s] -- Found rosidl_generator_c: 3.1.8 (/opt/ros/humble/share/rosidl_generator_c/cmake)
[0.516s] -- Found rosidl_adapter: 3.1.8 (/opt/ros/humble/share/rosidl_adapter/cmake)
[0.524s] -- Found rosidl_generator_cpp: 3.1.8 (/opt/ros/humble/share/rosidl_generator_cpp/cmake)
[0.537s] -- Using all available rosidl_typesupport_c: rosidl_typesupport_fastrtps_c;rosidl_typesupport_introspection_c
[0.548s] -- Using all available rosidl_typesupport_cpp: rosidl_typesupport_fastrtps_cpp;rosidl_typesupport_introspection_cpp
[0.580s] -- Found rmw_implementation_cmake: 6.1.2 (/opt/ros/humble/share/rmw_implementation_cmake/cmake)
[0.582s] -- Found rmw_fastrtps_cpp: 6.2.10 (/opt/ros/humble/share/rmw_fastrtps_cpp/cmake)
[0.671s] -- Found OpenSSL: /usr/lib/x86_64-linux-gnu/libcrypto.so (found version "3.0.2")  
[0.693s] -- Found FastRTPS: /opt/ros/humble/include  
[0.728s] -- Using RMW implementation 'rmw_fastrtps_cpp' as default
[0.735s] -- Looking for pthread.h
[0.801s] -- Looking for pthread.h - found
[0.801s] -- Performing Test CMAKE_HAVE_LIBC_PTHREAD
[0.876s] -- Performing Test CMAKE_HAVE_LIBC_PTHREAD - Success
[0.878s] -- Found Threads: TRUE  
[0.921s] -- Found moveit_ros_planning_interface: 2.5.9 (/opt/ros/humble/share/moveit_ros_planning_interface/cmake)
[0.938s] -- Found Boost: /usr/lib/x86_64-linux-gnu/cmake/Boost-1.74.0/BoostConfig.cmake (found version "1.74.0") found components: date_time filesystem program_options system thread 
[1.058s] -- Found Boost: /usr/lib/x86_64-linux-gnu/cmake/Boost-1.74.0/BoostConfig.cmake (found version "1.74.0") found components: chrono date_time filesystem iostreams program_options regex serialization system thread 
[1.088s] -- Found parameter_traits: 0.7.1 (/opt/ros/humble/share/parameter_traits/cmake)
[1.099s] -- Found rclcpp_lifecycle: 16.0.19 (/opt/ros/humble/share/rclcpp_lifecycle/cmake)
[1.117s] -- Found Boost: /usr/lib/x86_64-linux-gnu/cmake/Boost-1.74.0/BoostConfig.cmake (found version "1.74.0") found components: filesystem 
[1.205s] -- library: /usr/lib/x86_64-linux-gnu/libcurl.so
[1.233s] -- Found Eigen3: TRUE (found version "3.4.0") 
[1.233s] -- Ensuring Eigen3 include directory is part of orocos-kdl CMake target
[1.386s] -- Found Boost: /usr/lib/x86_64-linux-gnu/cmake/Boost-1.74.0/BoostConfig.cmake (found version "1.74.0") found components: system filesystem date_time program_options thread chrono 
[1.410s] -- Found Boost: /usr/lib/x86_64-linux-gnu/cmake/Boost-1.74.0/BoostConfig.cmake (found version "1.74.0") found components: thread system filesystem regex date_time program_options 
[1.425s] -- Found Boost: /usr/lib/x86_64-linux-gnu/cmake/Boost-1.74.0/BoostConfig.cmake (found version "1.74.0") found components: system filesystem date_time program_options thread 
[1.484s] -- Configuring done
[1.503s] -- Generating done
[1.508s] -- Build files have been written to: /home/shanthosh/Downloads/Project 4/project4_ws/build/package_uid
[1.519s] Invoked command in '/home/shanthosh/Downloads/Project 4/project4_ws/build/package_uid' returned '0': CMAKE_PREFIX_PATH=/opt/ros/humble /usr/bin/cmake /home/shanthosh/Downloads/Project 4/project4_ws/src/package_uid -DPython3_EXECUTABLE=/usr/bin/python3 -DCMAKE_FIND_USE_PACKAGE_REGISTRY=FALSE -DCMAKE_FIND_USE_SYSTEM_PACKAGE_REGISTRY=FALSE -DCMAKE_IGNORE_PATH=/home/shanthosh/miniconda3 -DCMAKE_INSTALL_PREFIX=/home/shanthosh/Downloads/Project 4/project4_ws/install/package_uid
[1.520s] Invoking command in '/home/shanthosh/Downloads/Project 4/project4_ws/build/package_uid': CMAKE_PREFIX_PATH=/opt/ros/humble /usr/bin/cmake --build /home/shanthosh/Downloads/Project 4/project4_ws/build/package_uid -- -j12 -l12
[1.581s] [ 50%] Building CXX object CMakeFiles/pick_place_demo.dir/src/pick_place_demo.cpp.o
[7.212s] [100%] Linking CXX executable pick_place_demo
[7.448s] [100%] Built target pick_place_demo
[7.460s] Invoked command in '/home/shanthosh/Downloads/Project 4/project4_ws/build/package_uid' returned '0': CMAKE_PREFIX_PATH=/opt/ros/humble /usr/bin/cmake --build /home/shanthosh/Downloads/Project 4/project4_ws/build/package_uid -- -j12 -l12
[7.461s] Invoking command in '/home/shanthosh/Downloads/Project 4/project4_ws/build/package_uid': CMAKE_PREFIX_PATH=/opt/ros/humble /usr/bin/cmake --install /home/shanthosh/Downloads/Project 4/project4_ws/build/package_uid
[7.468s] -- Install configuration: ""
[7.468s] -- Installing: /home/shanthosh/Downloads/Project 4/project4_ws/install/package_uid/lib/package_uid/pick_place_demo
[7.468s] -- Set runtime path of "/home/shanthosh/Downloads/Project 4/project4_ws/install/package_uid/lib/package_uid/pick_place_demo" to ""
[7.468s] -- Installing: /home/shanthosh/Downloads/Project 4/project4_ws/install/package_uid/share/package_uid/config
[7.468s] -- Installing: /home/shanthosh/Downloads/Project 4/project4_ws/install/package_uid/share/package_uid/config/pick_place_demo.yaml
[7.469s] -- Installing: /home/shanthosh/Downloads/Project 4/project4_ws/install/package_uid/share/package_uid/launch
[7.469s] -- Installing: /home/shanthosh/Downloads/Project 4/project4_ws/install/package_uid/share/package_uid/launch/pick_place_demo.launch.py
[7.469s] -- Installing: /home/shanthosh/Downloads/Project 4/project4_ws/install/package_uid/share/package_uid/README.md
[7.469s] -- Installing: /home/shanthosh/Downloads/Project 4/project4_ws/install/package_uid/share/package_uid/package.xml
[7.469s] -- Installing: /home/shanthosh/Downloads/Project 4/project4_ws/install/package_uid/share/ament_index/resource_index/package_run_dependencies/package_uid
[7.469s] -- Installing: /home/shanthosh/Downloads/Project 4/project4_ws/install/package_uid/share/ament_index/resource_index/parent_prefix_path/package_uid
[7.469s] -- Installing: /home/shanthosh/Downloads/Project 4/project4_ws/install/package_uid/share/package_uid/environment/ament_prefix_path.sh
[7.470s] -- Installing: /home/shanthosh/Downloads/Project 4/project4_ws/install/package_uid/share/package_uid/environment/ament_prefix_path.dsv
[7.470s] -- Installing: /home/shanthosh/Downloads/Project 4/project4_ws/install/package_uid/share/package_uid/environment/path.sh
[7.470s] -- Installing: /home/shanthosh/Downloads/Project 4/project4_ws/install/package_uid/share/package_uid/environment/path.dsv
[7.470s] -- Installing: /home/shanthosh/Downloads/Project 4/project4_ws/install/package_uid/share/package_uid/local_setup.bash
[7.470s] -- Installing: /home/shanthosh/Downloads/Project 4/project4_ws/install/package_uid/share/package_uid/local_setup.sh
[7.470s] -- Installing: /home/shanthosh/Downloads/Project 4/project4_ws/install/package_uid/share/package_uid/local_setup.zsh
[7.470s] -- Installing: /home/shanthosh/Downloads/Project 4/project4_ws/install/package_uid/share/package_uid/local_setup.dsv
[7.470s] -- Installing: /home/shanthosh/Downloads/Project 4/project4_ws/install/package_uid/share/package_uid/package.dsv
[7.471s] -- Installing: /home/shanthosh/Downloads/Project 4/project4_ws/install/package_uid/share/ament_index/resource_index/packages/package_uid
[7.471s] -- Installing: /home/shanthosh/Downloads/Project 4/project4_ws/install/package_uid/share/package_uid/cmake/package_uidConfig.cmake
[7.471s] -- Installing: /home/shanthosh/Downloads/Project 4/project4_ws/install/package_uid/share/package_uid/cmake/package_uidConfig-version.cmake
[7.471s] -- Up-to-date: /home/shanthosh/Downloads/Project 4/project4_ws/install/package_uid/share/package_uid/package.xml
[31.339s] Invoked command in '/home/shanthosh/Downloads/Project 4/project4_ws/build/package_uid' returned '0': CMAKE_PREFIX_PATH=/opt/ros/humble /usr/bin/cmake --install /home/shanthosh/Downloads/Project 4/project4_ws/build/package_uid
