[0.000000] (-) TimerEvent: {}
[0.000497] (moveit_resources_panda_description) JobQueued: {'identifier': 'moveit_resources_panda_description', 'dependencies': OrderedDict()}
[0.000524] (package_uid) JobQueued: {'identifier': 'package_uid', 'dependencies': OrderedDict()}
[0.000540] (moveit_resources_panda_moveit_config) JobQueued: {'identifier': 'moveit_resources_panda_moveit_config', 'dependencies': OrderedDict([('moveit_resources_panda_description', '/home/shanthosh/Downloads/Project 4/project4_ws/install/moveit_resources_panda_description')])}
[0.000559] (moveit_resources_panda_description) JobStarted: {'identifier': 'moveit_resources_panda_description'}
[0.004966] (package_uid) JobStarted: {'identifier': 'package_uid'}
[0.008218] (moveit_resources_panda_description) JobProgress: {'identifier': 'moveit_resources_panda_description', 'progress': 'cmake'}
[0.008578] (moveit_resources_panda_description) Command: {'cmd': ['/usr/bin/cmake', '/home/shanthosh/Downloads/Project 4/project4_ws/src/panda_description', '-DPython3_EXECUTABLE=/usr/bin/python3', '-DCMAKE_FIND_USE_PACKAGE_REGISTRY=FALSE', '-DCMAKE_FIND_USE_SYSTEM_PACKAGE_REGISTRY=FALSE', '-DCMAKE_IGNORE_PATH=/home/shanthosh/miniconda3', '-DCMAKE_INSTALL_PREFIX=/home/shanthosh/Downloads/Project 4/project4_ws/install/moveit_resources_panda_description'], 'cwd': '/home/shanthosh/Downloads/Project 4/project4_ws/build/moveit_resources_panda_description', 'env': OrderedDict([('USER', 'shanthosh'), ('SHLVL', '0'), ('LD_LIBRARY_PATH', '/opt/ros/humble/opt/rviz_ogre_vendor/lib:/opt/ros/humble/lib/x86_64-linux-gnu:/opt/ros/humble/lib'), ('HOME', '/home/shanthosh'), ('ROS_PYTHON_VERSION', '3'), ('LC_CTYPE', 'C.UTF-8'), ('ROS_DISTRO', 'humble'), ('_', '/usr/bin/colcon'), ('ROS_VERSION', '2'), ('TERM', 'xterm-256color'), ('ROS_LOCALHOST_ONLY', '0'), ('PATH', '/home/shanthosh/.local/bin:/usr/bin:/bin:/usr/sbin:/sbin:/opt/ros/humble/bin:/snap/bin'), ('AMENT_PREFIX_PATH', '/opt/ros/humble'), ('SHELL', '/bin/bash'), ('PWD', '/home/shanthosh/Downloads/Project 4/project4_ws/build/moveit_resources_panda_description'), ('XDG_DATA_DIRS', '/usr/share/gnome:/usr/local/share:/usr/share:/var/lib/snapd/desktop'), ('PYTHONPATH', '/opt/ros/humble/lib/python3.10/site-packages:/opt/ros/humble/local/lib/python3.10/dist-packages'), ('COLCON', '1'), ('CMAKE_PREFIX_PATH', '/opt/ros/humble')]), 'shell': False}
[0.009947] (package_uid) JobProgress: {'identifier': 'package_uid', 'progress': 'cmake'}
[0.010069] (package_uid) Command: {'cmd': ['/usr/bin/cmake', '/home/shanthosh/Downloads/Project 4/project4_ws/src/package_uid', '-DPython3_EXECUTABLE=/usr/bin/python3', '-DCMAKE_FIND_USE_PACKAGE_REGISTRY=FALSE', '-DCMAKE_FIND_USE_SYSTEM_PACKAGE_REGISTRY=FALSE', '-DCMAKE_IGNORE_PATH=/home/shanthosh/miniconda3', '-DCMAKE_INSTALL_PREFIX=/home/shanthosh/Downloads/Project 4/project4_ws/install/package_uid'], 'cwd': '/home/shanthosh/Downloads/Project 4/project4_ws/build/package_uid', 'env': OrderedDict([('USER', 'shanthosh'), ('SHLVL', '0'), ('LD_LIBRARY_PATH', '/opt/ros/humble/opt/rviz_ogre_vendor/lib:/opt/ros/humble/lib/x86_64-linux-gnu:/opt/ros/humble/lib'), ('HOME', '/home/shanthosh'), ('ROS_PYTHON_VERSION', '3'), ('LC_CTYPE', 'C.UTF-8'), ('ROS_DISTRO', 'humble'), ('_', '/usr/bin/colcon'), ('ROS_VERSION', '2'), ('TERM', 'xterm-256color'), ('ROS_LOCALHOST_ONLY', '0'), ('PATH', '/home/shanthosh/.local/bin:/usr/bin:/bin:/usr/sbin:/sbin:/opt/ros/humble/bin:/snap/bin'), ('AMENT_PREFIX_PATH', '/opt/ros/humble'), ('SHELL', '/bin/bash'), ('PWD', '/home/shanthosh/Downloads/Project 4/project4_ws/build/package_uid'), ('XDG_DATA_DIRS', '/usr/share/gnome:/usr/local/share:/usr/share:/var/lib/snapd/desktop'), ('PYTHONPATH', '/opt/ros/humble/lib/python3.10/site-packages:/opt/ros/humble/local/lib/python3.10/dist-packages'), ('COLCON', '1'), ('CMAKE_PREFIX_PATH', '/opt/ros/humble')]), 'shell': False}
[0.062332] (moveit_resources_panda_description) StdoutLine: {'line': b'-- The C compiler identification is GNU 11.4.0\n'}
[0.063906] (package_uid) StdoutLine: {'line': b'-- The C compiler identification is GNU 11.4.0\n'}
[0.099489] (-) TimerEvent: {}
[0.124965] (package_uid) StdoutLine: {'line': b'-- The CXX compiler identification is GNU 11.4.0\n'}
[0.126468] (moveit_resources_panda_description) StdoutLine: {'line': b'-- The CXX compiler identification is GNU 11.4.0\n'}
[0.132249] (moveit_resources_panda_description) StdoutLine: {'line': b'-- Detecting C compiler ABI info\n'}
[0.132853] (package_uid) StdoutLine: {'line': b'-- Detecting C compiler ABI info\n'}
[0.190568] (moveit_resources_panda_description) StdoutLine: {'line': b'-- Detecting C compiler ABI info - done\n'}
[0.197031] (moveit_resources_panda_description) StdoutLine: {'line': b'-- Check for working C compiler: /usr/bin/cc - skipped\n'}
[0.197236] (moveit_resources_panda_description) StdoutLine: {'line': b'-- Detecting C compile features\n'}
[0.197363] (moveit_resources_panda_description) StdoutLine: {'line': b'-- Detecting C compile features - done\n'}
[0.199553] (package_uid) StdoutLine: {'line': b'-- Detecting C compiler ABI info - done\n'}
[0.199649] (-) TimerEvent: {}
[0.200045] (moveit_resources_panda_description) StdoutLine: {'line': b'-- Detecting CXX compiler ABI info\n'}
[0.204065] (package_uid) StdoutLine: {'line': b'-- Check for working C compiler: /usr/bin/cc - skipped\n'}
[0.204265] (package_uid) StdoutLine: {'line': b'-- Detecting C compile features\n'}
[0.204458] (package_uid) StdoutLine: {'line': b'-- Detecting C compile features - done\n'}
[0.206971] (package_uid) StdoutLine: {'line': b'-- Detecting CXX compiler ABI info\n'}
[0.274708] (package_uid) StdoutLine: {'line': b'-- Detecting CXX compiler ABI info - done\n'}
[0.281293] (package_uid) StdoutLine: {'line': b'-- Check for working CXX compiler: /usr/bin/c++ - skipped\n'}
[0.281521] (package_uid) StdoutLine: {'line': b'-- Detecting CXX compile features\n'}
[0.281967] (moveit_resources_panda_description) StdoutLine: {'line': b'-- Detecting CXX compiler ABI info - done\n'}
[0.282089] (package_uid) StdoutLine: {'line': b'-- Detecting CXX compile features - done\n'}
[0.284956] (package_uid) StdoutLine: {'line': b'-- Found ament_cmake: 1.3.14 (/opt/ros/humble/share/ament_cmake/cmake)\n'}
[0.288184] (moveit_resources_panda_description) StdoutLine: {'line': b'-- Check for working CXX compiler: /usr/bin/c++ - skipped\n'}
[0.288349] (moveit_resources_panda_description) StdoutLine: {'line': b'-- Detecting CXX compile features\n'}
[0.288646] (moveit_resources_panda_description) StdoutLine: {'line': b'-- Detecting CXX compile features - done\n'}
[0.290723] (moveit_resources_panda_description) StdoutLine: {'line': b'-- Found ament_cmake: 1.3.14 (/opt/ros/humble/share/ament_cmake/cmake)\n'}
[0.299755] (-) TimerEvent: {}
[0.399920] (-) TimerEvent: {}
[0.405235] (package_uid) StdoutLine: {'line': b'-- Found Python3: /usr/bin/python3 (found version "3.10.12") found components: Interpreter \n'}
[0.413613] (moveit_resources_panda_description) StdoutLine: {'line': b'-- Found Python3: /usr/bin/python3 (found version "3.10.12") found components: Interpreter \n'}
[0.485599] (package_uid) StdoutLine: {'line': b'-- Found rclcpp: 16.0.19 (/opt/ros/humble/share/rclcpp/cmake)\n'}
[0.500031] (-) TimerEvent: {}
[0.516738] (package_uid) StdoutLine: {'line': b'-- Found rosidl_generator_c: 3.1.8 (/opt/ros/humble/share/rosidl_generator_c/cmake)\n'}
[0.520655] (package_uid) StdoutLine: {'line': b'-- Found rosidl_adapter: 3.1.8 (/opt/ros/humble/share/rosidl_adapter/cmake)\n'}
[0.529236] (package_uid) StdoutLine: {'line': b'-- Found rosidl_generator_cpp: 3.1.8 (/opt/ros/humble/share/rosidl_generator_cpp/cmake)\n'}
[0.542065] (package_uid) StdoutLine: {'line': b'-- Using all available rosidl_typesupport_c: rosidl_typesupport_fastrtps_c;rosidl_typesupport_introspection_c\n'}
[0.551580] (moveit_resources_panda_description) StdoutLine: {'line': b'-- Configuring done\n'}
[0.553640] (package_uid) StdoutLine: {'line': b'-- Using all available rosidl_typesupport_cpp: rosidl_typesupport_fastrtps_cpp;rosidl_typesupport_introspection_cpp\n'}
[0.554393] (moveit_resources_panda_description) StdoutLine: {'line': b'-- Generating done\n'}
[0.556448] (moveit_resources_panda_description) StdoutLine: {'line': b'-- Build files have been written to: /home/shanthosh/Downloads/Project 4/project4_ws/build/moveit_resources_panda_description\n'}
[0.562396] (moveit_resources_panda_description) CommandEnded: {'returncode': 0}
[0.562865] (moveit_resources_panda_description) JobProgress: {'identifier': 'moveit_resources_panda_description', 'progress': 'build'}
[0.563382] (moveit_resources_panda_description) Command: {'cmd': ['/usr/bin/cmake', '--build', '/home/shanthosh/Downloads/Project 4/project4_ws/build/moveit_resources_panda_description', '--', '-j12', '-l12'], 'cwd': '/home/shanthosh/Downloads/Project 4/project4_ws/build/moveit_resources_panda_description', 'env': OrderedDict([('USER', 'shanthosh'), ('SHLVL', '0'), ('LD_LIBRARY_PATH', '/opt/ros/humble/opt/rviz_ogre_vendor/lib:/opt/ros/humble/lib/x86_64-linux-gnu:/opt/ros/humble/lib'), ('HOME', '/home/shanthosh'), ('ROS_PYTHON_VERSION', '3'), ('LC_CTYPE', 'C.UTF-8'), ('ROS_DISTRO', 'humble'), ('_', '/usr/bin/colcon'), ('ROS_VERSION', '2'), ('TERM', 'xterm-256color'), ('ROS_LOCALHOST_ONLY', '0'), ('PATH', '/home/shanthosh/.local/bin:/usr/bin:/bin:/usr/sbin:/sbin:/opt/ros/humble/bin:/snap/bin'), ('AMENT_PREFIX_PATH', '/opt/ros/humble'), ('SHELL', '/bin/bash'), ('PWD', '/home/shanthosh/Downloads/Project 4/project4_ws/build/moveit_resources_panda_description'), ('XDG_DATA_DIRS', '/usr/share/gnome:/usr/local/share:/usr/share:/var/lib/snapd/desktop'), ('PYTHONPATH', '/opt/ros/humble/lib/python3.10/site-packages:/opt/ros/humble/local/lib/python3.10/dist-packages'), ('COLCON', '1'), ('CMAKE_PREFIX_PATH', '/opt/ros/humble')]), 'shell': False}
[0.585291] (package_uid) StdoutLine: {'line': b'-- Found rmw_implementation_cmake: 6.1.2 (/opt/ros/humble/share/rmw_implementation_cmake/cmake)\n'}
[0.587094] (package_uid) StdoutLine: {'line': b'-- Found rmw_fastrtps_cpp: 6.2.10 (/opt/ros/humble/share/rmw_fastrtps_cpp/cmake)\n'}
[0.600144] (-) TimerEvent: {}
[0.609885] (moveit_resources_panda_description) CommandEnded: {'returncode': 0}
[0.610634] (moveit_resources_panda_description) JobProgress: {'identifier': 'moveit_resources_panda_description', 'progress': 'install'}
[0.621666] (moveit_resources_panda_description) Command: {'cmd': ['/usr/bin/cmake', '--install', '/home/shanthosh/Downloads/Project 4/project4_ws/build/moveit_resources_panda_description'], 'cwd': '/home/shanthosh/Downloads/Project 4/project4_ws/build/moveit_resources_panda_description', 'env': OrderedDict([('USER', 'shanthosh'), ('SHLVL', '0'), ('LD_LIBRARY_PATH', '/opt/ros/humble/opt/rviz_ogre_vendor/lib:/opt/ros/humble/lib/x86_64-linux-gnu:/opt/ros/humble/lib'), ('HOME', '/home/shanthosh'), ('ROS_PYTHON_VERSION', '3'), ('LC_CTYPE', 'C.UTF-8'), ('ROS_DISTRO', 'humble'), ('_', '/usr/bin/colcon'), ('ROS_VERSION', '2'), ('TERM', 'xterm-256color'), ('ROS_LOCALHOST_ONLY', '0'), ('PATH', '/home/shanthosh/.local/bin:/usr/bin:/bin:/usr/sbin:/sbin:/opt/ros/humble/bin:/snap/bin'), ('AMENT_PREFIX_PATH', '/opt/ros/humble'), ('SHELL', '/bin/bash'), ('PWD', '/home/shanthosh/Downloads/Project 4/project4_ws/build/moveit_resources_panda_description'), ('XDG_DATA_DIRS', '/usr/share/gnome:/usr/local/share:/usr/share:/var/lib/snapd/desktop'), ('PYTHONPATH', '/opt/ros/humble/lib/python3.10/site-packages:/opt/ros/humble/local/lib/python3.10/dist-packages'), ('COLCON', '1'), ('CMAKE_PREFIX_PATH', '/opt/ros/humble')]), 'shell': False}
[0.630487] (moveit_resources_panda_description) StdoutLine: {'line': b'-- Install configuration: ""\n'}
[0.630767] (moveit_resources_panda_description) StdoutLine: {'line': b'-- Installing: /home/shanthosh/Downloads/Project 4/project4_ws/install/moveit_resources_panda_description/share/ament_index/resource_index/package_run_dependencies/moveit_resources_panda_description\n'}
[0.631099] (moveit_resources_panda_description) StdoutLine: {'line': b'-- Installing: /home/shanthosh/Downloads/Project 4/project4_ws/install/moveit_resources_panda_description/share/ament_index/resource_index/parent_prefix_path/moveit_resources_panda_description\n'}
[0.631441] (moveit_resources_panda_description) StdoutLine: {'line': b'-- Installing: /home/shanthosh/Downloads/Project 4/project4_ws/install/moveit_resources_panda_description/share/moveit_resources_panda_description/environment/ament_prefix_path.sh\n'}
[0.631652] (moveit_resources_panda_description) StdoutLine: {'line': b'-- Installing: /home/shanthosh/Downloads/Project 4/project4_ws/install/moveit_resources_panda_description/share/moveit_resources_panda_description/environment/ament_prefix_path.dsv\n'}
[0.631897] (moveit_resources_panda_description) StdoutLine: {'line': b'-- Installing: /home/shanthosh/Downloads/Project 4/project4_ws/install/moveit_resources_panda_description/share/moveit_resources_panda_description/environment/path.sh\n'}
[0.632127] (moveit_resources_panda_description) StdoutLine: {'line': b'-- Installing: /home/shanthosh/Downloads/Project 4/project4_ws/install/moveit_resources_panda_description/share/moveit_resources_panda_description/environment/path.dsv\n'}
[0.632342] (moveit_resources_panda_description) StdoutLine: {'line': b'-- Installing: /home/shanthosh/Downloads/Project 4/project4_ws/install/moveit_resources_panda_description/share/moveit_resources_panda_description/local_setup.bash\n'}
[0.632577] (moveit_resources_panda_description) StdoutLine: {'line': b'-- Installing: /home/shanthosh/Downloads/Project 4/project4_ws/install/moveit_resources_panda_description/share/moveit_resources_panda_description/local_setup.sh\n'}
[0.632820] (moveit_resources_panda_description) StdoutLine: {'line': b'-- Installing: /home/shanthosh/Downloads/Project 4/project4_ws/install/moveit_resources_panda_description/share/moveit_resources_panda_description/local_setup.zsh\n'}
[0.633040] (moveit_resources_panda_description) StdoutLine: {'line': b'-- Installing: /home/shanthosh/Downloads/Project 4/project4_ws/install/moveit_resources_panda_description/share/moveit_resources_panda_description/local_setup.dsv\n'}
[0.633262] (moveit_resources_panda_description) StdoutLine: {'line': b'-- Installing: /home/shanthosh/Downloads/Project 4/project4_ws/install/moveit_resources_panda_description/share/moveit_resources_panda_description/package.dsv\n'}
[0.633563] (moveit_resources_panda_description) StdoutLine: {'line': b'-- Installing: /home/shanthosh/Downloads/Project 4/project4_ws/install/moveit_resources_panda_description/share/ament_index/resource_index/packages/moveit_resources_panda_description\n'}
[0.633850] (moveit_resources_panda_description) StdoutLine: {'line': b'-- Installing: /home/shanthosh/Downloads/Project 4/project4_ws/install/moveit_resources_panda_description/share/moveit_resources_panda_description/cmake/moveit_resources_panda_descriptionConfig.cmake\n'}
[0.634043] (moveit_resources_panda_description) StdoutLine: {'line': b'-- Installing: /home/shanthosh/Downloads/Project 4/project4_ws/install/moveit_resources_panda_description/share/moveit_resources_panda_description/cmake/moveit_resources_panda_descriptionConfig-version.cmake\n'}
[0.634267] (moveit_resources_panda_description) StdoutLine: {'line': b'-- Installing: /home/shanthosh/Downloads/Project 4/project4_ws/install/moveit_resources_panda_description/share/moveit_resources_panda_description/package.xml\n'}
[0.634476] (moveit_resources_panda_description) StdoutLine: {'line': b'-- Installing: /home/shanthosh/Downloads/Project 4/project4_ws/install/moveit_resources_panda_description/share/moveit_resources_panda_description/meshes\n'}
[0.634622] (moveit_resources_panda_description) StdoutLine: {'line': b'-- Installing: /home/shanthosh/Downloads/Project 4/project4_ws/install/moveit_resources_panda_description/share/moveit_resources_panda_description/meshes/visual\n'}
[0.634757] (moveit_resources_panda_description) StdoutLine: {'line': b'-- Installing: /home/shanthosh/Downloads/Project 4/project4_ws/install/moveit_resources_panda_description/share/moveit_resources_panda_description/meshes/visual/link7.dae\n'}
[0.636898] (moveit_resources_panda_description) StdoutLine: {'line': b'-- Installing: /home/shanthosh/Downloads/Project 4/project4_ws/install/moveit_resources_panda_description/share/moveit_resources_panda_description/meshes/visual/link3.dae\n'}
[0.638838] (moveit_resources_panda_description) StdoutLine: {'line': b'-- Installing: /home/shanthosh/Downloads/Project 4/project4_ws/install/moveit_resources_panda_description/share/moveit_resources_panda_description/meshes/visual/link5.dae\n'}
[0.641428] (moveit_resources_panda_description) StdoutLine: {'line': b'-- Installing: /home/shanthosh/Downloads/Project 4/project4_ws/install/moveit_resources_panda_description/share/moveit_resources_panda_description/meshes/visual/link1.dae\n'}
[0.643038] (moveit_resources_panda_description) StdoutLine: {'line': b'-- Installing: /home/shanthosh/Downloads/Project 4/project4_ws/install/moveit_resources_panda_description/share/moveit_resources_panda_description/meshes/visual/finger.dae\n'}
[0.643288] (moveit_resources_panda_description) StdoutLine: {'line': b'-- Installing: /home/shanthosh/Downloads/Project 4/project4_ws/install/moveit_resources_panda_description/share/moveit_resources_panda_description/meshes/visual/link0.dae\n'}
[0.645618] (moveit_resources_panda_description) StdoutLine: {'line': b'-- Installing: /home/shanthosh/Downloads/Project 4/project4_ws/install/moveit_resources_panda_description/share/moveit_resources_panda_description/meshes/visual/link4.dae\n'}
[0.647519] (moveit_resources_panda_description) StdoutLine: {'line': b'-- Installing: /home/shanthosh/Downloads/Project 4/project4_ws/install/moveit_resources_panda_description/share/moveit_resources_panda_description/meshes/visual/hand.dae\n'}
[0.648358] (moveit_resources_panda_description) StdoutLine: {'line': b'-- Installing: /home/shanthosh/Downloads/Project 4/project4_ws/install/moveit_resources_panda_description/share/moveit_resources_panda_description/meshes/visual/link2.dae\n'}
[0.649868] (moveit_resources_panda_description) StdoutLine: {'line': b'-- Installing: /home/shanthosh/Downloads/Project 4/project4_ws/install/moveit_resources_panda_description/share/moveit_resources_panda_description/meshes/visual/link6.dae\n'}
[0.652522] (moveit_resources_panda_description) StdoutLine: {'line': b'-- Installing: /home/shanthosh/Downloads/Project 4/project4_ws/install/moveit_resources_panda_description/share/moveit_resources_panda_description/meshes/collision\n'}
[0.652701] (moveit_resources_panda_description) StdoutLine: {'line': b'-- Installing: /home/shanthosh/Downloads/Project 4/project4_ws/install/moveit_resources_panda_description/share/moveit_resources_panda_description/meshes/collision/link5.stl\n'}
[0.652831] (moveit_resources_panda_description) StdoutLine: {'line': b'-- Installing: /home/shanthosh/Downloads/Project 4/project4_ws/install/moveit_resources_panda_description/share/moveit_resources_panda_description/meshes/collision/link4.stl\n'}
[0.652953] (moveit_resources_panda_description) StdoutLine: {'line': b'-- Installing: /home/shanthosh/Downloads/Project 4/project4_ws/install/moveit_resources_panda_description/share/moveit_resources_panda_description/meshes/collision/link2.stl\n'}
[0.653027] (moveit_resources_panda_description) StdoutLine: {'line': b'-- Installing: /home/shanthosh/Downloads/Project 4/project4_ws/install/moveit_resources_panda_description/share/moveit_resources_panda_description/meshes/collision/finger.stl\n'}
[0.653119] (moveit_resources_panda_description) StdoutLine: {'line': b'-- Installing: /home/shanthosh/Downloads/Project 4/project4_ws/install/moveit_resources_panda_description/share/moveit_resources_panda_description/meshes/collision/link1.stl\n'}
[0.653212] (moveit_resources_panda_description) StdoutLine: {'line': b'-- Installing: /home/shanthosh/Downloads/Project 4/project4_ws/install/moveit_resources_panda_description/share/moveit_resources_panda_description/meshes/collision/hand.stl\n'}
[0.653311] (moveit_resources_panda_description) StdoutLine: {'line': b'-- Installing: /home/shanthosh/Downloads/Project 4/project4_ws/install/moveit_resources_panda_description/share/moveit_resources_panda_description/meshes/collision/link0.stl\n'}
[0.653426] (moveit_resources_panda_description) StdoutLine: {'line': b'-- Installing: /home/shanthosh/Downloads/Project 4/project4_ws/install/moveit_resources_panda_description/share/moveit_resources_panda_description/meshes/collision/link3.stl\n'}
[0.653565] (moveit_resources_panda_description) StdoutLine: {'line': b'-- Installing: /home/shanthosh/Downloads/Project 4/project4_ws/install/moveit_resources_panda_description/share/moveit_resources_panda_description/meshes/collision/link7.stl\n'}
[0.653732] (moveit_resources_panda_description) StdoutLine: {'line': b'-- Installing: /home/shanthosh/Downloads/Project 4/project4_ws/install/moveit_resources_panda_description/share/moveit_resources_panda_description/meshes/collision/link6.stl\n'}
[0.653899] (moveit_resources_panda_description) StdoutLine: {'line': b'-- Installing: /home/shanthosh/Downloads/Project 4/project4_ws/install/moveit_resources_panda_description/share/moveit_resources_panda_description/urdf\n'}
[0.653963] (moveit_resources_panda_description) StdoutLine: {'line': b'-- Installing: /home/shanthosh/Downloads/Project 4/project4_ws/install/moveit_resources_panda_description/share/moveit_resources_panda_description/urdf/panda.urdf\n'}
[0.655479] (moveit_resources_panda_description) CommandEnded: {'returncode': 0}
[0.670861] (moveit_resources_panda_description) JobEnded: {'identifier': 'moveit_resources_panda_description', 'rc': 0}
[0.671883] (moveit_resources_panda_moveit_config) JobStarted: {'identifier': 'moveit_resources_panda_moveit_config'}
[0.676384] (package_uid) StdoutLine: {'line': b'-- Found OpenSSL: /usr/lib/x86_64-linux-gnu/libcrypto.so (found version "3.0.2")  \n'}
[0.679281] (moveit_resources_panda_moveit_config) JobProgress: {'identifier': 'moveit_resources_panda_moveit_config', 'progress': 'cmake'}
[0.679984] (moveit_resources_panda_moveit_config) Command: {'cmd': ['/usr/bin/cmake', '/home/shanthosh/Downloads/Project 4/project4_ws/src/panda_moveit_config', '-DPython3_EXECUTABLE=/usr/bin/python3', '-DCMAKE_FIND_USE_PACKAGE_REGISTRY=FALSE', '-DCMAKE_FIND_USE_SYSTEM_PACKAGE_REGISTRY=FALSE', '-DCMAKE_IGNORE_PATH=/home/shanthosh/miniconda3', '-DCMAKE_INSTALL_PREFIX=/home/shanthosh/Downloads/Project 4/project4_ws/install/moveit_resources_panda_moveit_config'], 'cwd': '/home/shanthosh/Downloads/Project 4/project4_ws/build/moveit_resources_panda_moveit_config', 'env': OrderedDict([('USER', 'shanthosh'), ('SHLVL', '0'), ('LD_LIBRARY_PATH', '/opt/ros/humble/opt/rviz_ogre_vendor/lib:/opt/ros/humble/lib/x86_64-linux-gnu:/opt/ros/humble/lib'), ('HOME', '/home/shanthosh'), ('ROS_PYTHON_VERSION', '3'), ('LC_CTYPE', 'C.UTF-8'), ('ROS_DISTRO', 'humble'), ('_', '/usr/bin/colcon'), ('ROS_VERSION', '2'), ('TERM', 'xterm-256color'), ('ROS_LOCALHOST_ONLY', '0'), ('PATH', '/home/shanthosh/.local/bin:/usr/bin:/bin:/usr/sbin:/sbin:/opt/ros/humble/bin:/snap/bin'), ('AMENT_PREFIX_PATH', '/home/shanthosh/Downloads/Project 4/project4_ws/install/moveit_resources_panda_description:/opt/ros/humble'), ('SHELL', '/bin/bash'), ('PWD', '/home/shanthosh/Downloads/Project 4/project4_ws/build/moveit_resources_panda_moveit_config'), ('XDG_DATA_DIRS', '/usr/share/gnome:/usr/local/share:/usr/share:/var/lib/snapd/desktop'), ('PYTHONPATH', '/opt/ros/humble/lib/python3.10/site-packages:/opt/ros/humble/local/lib/python3.10/dist-packages'), ('COLCON', '1'), ('CMAKE_PREFIX_PATH', '/home/shanthosh/Downloads/Project 4/project4_ws/install/moveit_resources_panda_description:/opt/ros/humble')]), 'shell': False}
[0.698018] (package_uid) StdoutLine: {'line': b'-- Found FastRTPS: /opt/ros/humble/include  \n'}
[0.700210] (-) TimerEvent: {}
[0.733443] (package_uid) StdoutLine: {'line': b"-- Using RMW implementation 'rmw_fastrtps_cpp' as default\n"}
[0.739805] (package_uid) StdoutLine: {'line': b'-- Looking for pthread.h\n'}
[0.741453] (moveit_resources_panda_moveit_config) StdoutLine: {'line': b'-- The C compiler identification is GNU 11.4.0\n'}
[0.797694] (moveit_resources_panda_moveit_config) StdoutLine: {'line': b'-- The CXX compiler identification is GNU 11.4.0\n'}
[0.800291] (-) TimerEvent: {}
[0.806072] (package_uid) StdoutLine: {'line': b'-- Looking for pthread.h - found\n'}
[0.806570] (package_uid) StdoutLine: {'line': b'-- Performing Test CMAKE_HAVE_LIBC_PTHREAD\n'}
[0.806879] (moveit_resources_panda_moveit_config) StdoutLine: {'line': b'-- Detecting C compiler ABI info\n'}
[0.880583] (moveit_resources_panda_moveit_config) StdoutLine: {'line': b'-- Detecting C compiler ABI info - done\n'}
[0.881524] (package_uid) StdoutLine: {'line': b'-- Performing Test CMAKE_HAVE_LIBC_PTHREAD - Success\n'}
[0.882815] (package_uid) StdoutLine: {'line': b'-- Found Threads: TRUE  \n'}
[0.887294] (moveit_resources_panda_moveit_config) StdoutLine: {'line': b'-- Check for working C compiler: /usr/bin/cc - skipped\n'}
[0.887479] (moveit_resources_panda_moveit_config) StdoutLine: {'line': b'-- Detecting C compile features\n'}
[0.887922] (moveit_resources_panda_moveit_config) StdoutLine: {'line': b'-- Detecting C compile features - done\n'}
[0.890936] (moveit_resources_panda_moveit_config) StdoutLine: {'line': b'-- Detecting CXX compiler ABI info\n'}
[0.900397] (-) TimerEvent: {}
[0.925666] (package_uid) StdoutLine: {'line': b'-- Found moveit_ros_planning_interface: 2.5.9 (/opt/ros/humble/share/moveit_ros_planning_interface/cmake)\n'}
[0.943315] (package_uid) StdoutLine: {'line': b'-- Found Boost: /usr/lib/x86_64-linux-gnu/cmake/Boost-1.74.0/BoostConfig.cmake (found version "1.74.0") found components: date_time filesystem program_options system thread \n'}
[0.977918] (moveit_resources_panda_moveit_config) StdoutLine: {'line': b'-- Detecting CXX compiler ABI info - done\n'}
[0.985493] (moveit_resources_panda_moveit_config) StdoutLine: {'line': b'-- Check for working CXX compiler: /usr/bin/c++ - skipped\n'}
[0.985819] (moveit_resources_panda_moveit_config) StdoutLine: {'line': b'-- Detecting CXX compile features\n'}
[0.986247] (moveit_resources_panda_moveit_config) StdoutLine: {'line': b'-- Detecting CXX compile features - done\n'}
[0.989604] (moveit_resources_panda_moveit_config) StdoutLine: {'line': b'-- Found ament_cmake: 1.3.14 (/opt/ros/humble/share/ament_cmake/cmake)\n'}
[1.000493] (-) TimerEvent: {}
[1.063308] (package_uid) StdoutLine: {'line': b'-- Found Boost: /usr/lib/x86_64-linux-gnu/cmake/Boost-1.74.0/BoostConfig.cmake (found version "1.74.0") found components: chrono date_time filesystem iostreams program_options regex serialization system thread \n'}
[1.093544] (package_uid) StdoutLine: {'line': b'-- Found parameter_traits: 0.7.1 (/opt/ros/humble/share/parameter_traits/cmake)\n'}
[1.100587] (-) TimerEvent: {}
[1.104192] (package_uid) StdoutLine: {'line': b'-- Found rclcpp_lifecycle: 16.0.19 (/opt/ros/humble/share/rclcpp_lifecycle/cmake)\n'}
[1.122437] (package_uid) StdoutLine: {'line': b'-- Found Boost: /usr/lib/x86_64-linux-gnu/cmake/Boost-1.74.0/BoostConfig.cmake (found version "1.74.0") found components: filesystem \n'}
[1.123091] (moveit_resources_panda_moveit_config) StdoutLine: {'line': b'-- Found Python3: /usr/bin/python3 (found version "3.10.12") found components: Interpreter \n'}
[1.200680] (-) TimerEvent: {}
[1.210124] (package_uid) StdoutLine: {'line': b'-- library: /usr/lib/x86_64-linux-gnu/libcurl.so\n'}
[1.238077] (moveit_resources_panda_moveit_config) StdoutLine: {'line': b'-- Configuring done\n'}
[1.238313] (package_uid) StdoutLine: {'line': b'-- Found Eigen3: TRUE (found version "3.4.0") \n'}
[1.238499] (package_uid) StdoutLine: {'line': b'-- Ensuring Eigen3 include directory is part of orocos-kdl CMake target\n'}
[1.240976] (moveit_resources_panda_moveit_config) StdoutLine: {'line': b'-- Generating done\n'}
[1.242212] (moveit_resources_panda_moveit_config) StdoutLine: {'line': b'-- Build files have been written to: /home/shanthosh/Downloads/Project 4/project4_ws/build/moveit_resources_panda_moveit_config\n'}
[1.245667] (moveit_resources_panda_moveit_config) CommandEnded: {'returncode': 0}
[1.246093] (moveit_resources_panda_moveit_config) JobProgress: {'identifier': 'moveit_resources_panda_moveit_config', 'progress': 'build'}
[1.246320] (moveit_resources_panda_moveit_config) Command: {'cmd': ['/usr/bin/cmake', '--build', '/home/shanthosh/Downloads/Project 4/project4_ws/build/moveit_resources_panda_moveit_config', '--', '-j12', '-l12'], 'cwd': '/home/shanthosh/Downloads/Project 4/project4_ws/build/moveit_resources_panda_moveit_config', 'env': OrderedDict([('USER', 'shanthosh'), ('SHLVL', '0'), ('LD_LIBRARY_PATH', '/opt/ros/humble/opt/rviz_ogre_vendor/lib:/opt/ros/humble/lib/x86_64-linux-gnu:/opt/ros/humble/lib'), ('HOME', '/home/shanthosh'), ('ROS_PYTHON_VERSION', '3'), ('LC_CTYPE', 'C.UTF-8'), ('ROS_DISTRO', 'humble'), ('_', '/usr/bin/colcon'), ('ROS_VERSION', '2'), ('TERM', 'xterm-256color'), ('ROS_LOCALHOST_ONLY', '0'), ('PATH', '/home/shanthosh/.local/bin:/usr/bin:/bin:/usr/sbin:/sbin:/opt/ros/humble/bin:/snap/bin'), ('AMENT_PREFIX_PATH', '/home/shanthosh/Downloads/Project 4/project4_ws/install/moveit_resources_panda_description:/opt/ros/humble'), ('SHELL', '/bin/bash'), ('PWD', '/home/shanthosh/Downloads/Project 4/project4_ws/build/moveit_resources_panda_moveit_config'), ('XDG_DATA_DIRS', '/usr/share/gnome:/usr/local/share:/usr/share:/var/lib/snapd/desktop'), ('PYTHONPATH', '/opt/ros/humble/lib/python3.10/site-packages:/opt/ros/humble/local/lib/python3.10/dist-packages'), ('COLCON', '1'), ('CMAKE_PREFIX_PATH', '/home/shanthosh/Downloads/Project 4/project4_ws/install/moveit_resources_panda_description:/opt/ros/humble')]), 'shell': False}
[1.286549] (moveit_resources_panda_moveit_config) CommandEnded: {'returncode': 0}
[1.287125] (moveit_resources_panda_moveit_config) JobProgress: {'identifier': 'moveit_resources_panda_moveit_config', 'progress': 'install'}
[1.287343] (moveit_resources_panda_moveit_config) Command: {'cmd': ['/usr/bin/cmake', '--install', '/home/shanthosh/Downloads/Project 4/project4_ws/build/moveit_resources_panda_moveit_config'], 'cwd': '/home/shanthosh/Downloads/Project 4/project4_ws/build/moveit_resources_panda_moveit_config', 'env': OrderedDict([('USER', 'shanthosh'), ('SHLVL', '0'), ('LD_LIBRARY_PATH', '/opt/ros/humble/opt/rviz_ogre_vendor/lib:/opt/ros/humble/lib/x86_64-linux-gnu:/opt/ros/humble/lib'), ('HOME', '/home/shanthosh'), ('ROS_PYTHON_VERSION', '3'), ('LC_CTYPE', 'C.UTF-8'), ('ROS_DISTRO', 'humble'), ('_', '/usr/bin/colcon'), ('ROS_VERSION', '2'), ('TERM', 'xterm-256color'), ('ROS_LOCALHOST_ONLY', '0'), ('PATH', '/home/shanthosh/.local/bin:/usr/bin:/bin:/usr/sbin:/sbin:/opt/ros/humble/bin:/snap/bin'), ('AMENT_PREFIX_PATH', '/home/shanthosh/Downloads/Project 4/project4_ws/install/moveit_resources_panda_description:/opt/ros/humble'), ('SHELL', '/bin/bash'), ('PWD', '/home/shanthosh/Downloads/Project 4/project4_ws/build/moveit_resources_panda_moveit_config'), ('XDG_DATA_DIRS', '/usr/share/gnome:/usr/local/share:/usr/share:/var/lib/snapd/desktop'), ('PYTHONPATH', '/opt/ros/humble/lib/python3.10/site-packages:/opt/ros/humble/local/lib/python3.10/dist-packages'), ('COLCON', '1'), ('CMAKE_PREFIX_PATH', '/home/shanthosh/Downloads/Project 4/project4_ws/install/moveit_resources_panda_description:/opt/ros/humble')]), 'shell': False}
[1.296270] (moveit_resources_panda_moveit_config) StdoutLine: {'line': b'-- Install configuration: ""\n'}
[1.296493] (moveit_resources_panda_moveit_config) StdoutLine: {'line': b'-- Installing: /home/shanthosh/Downloads/Project 4/project4_ws/install/moveit_resources_panda_moveit_config/share/ament_index/resource_index/package_run_dependencies/moveit_resources_panda_moveit_config\n'}
[1.296781] (moveit_resources_panda_moveit_config) StdoutLine: {'line': b'-- Installing: /home/shanthosh/Downloads/Project 4/project4_ws/install/moveit_resources_panda_moveit_config/share/ament_index/resource_index/parent_prefix_path/moveit_resources_panda_moveit_config\n'}
[1.297020] (moveit_resources_panda_moveit_config) StdoutLine: {'line': b'-- Installing: /home/shanthosh/Downloads/Project 4/project4_ws/install/moveit_resources_panda_moveit_config/share/moveit_resources_panda_moveit_config/environment/ament_prefix_path.sh\n'}
[1.297234] (moveit_resources_panda_moveit_config) StdoutLine: {'line': b'-- Installing: /home/shanthosh/Downloads/Project 4/project4_ws/install/moveit_resources_panda_moveit_config/share/moveit_resources_panda_moveit_config/environment/ament_prefix_path.dsv\n'}
[1.297440] (moveit_resources_panda_moveit_config) StdoutLine: {'line': b'-- Installing: /home/shanthosh/Downloads/Project 4/project4_ws/install/moveit_resources_panda_moveit_config/share/moveit_resources_panda_moveit_config/environment/path.sh\n'}
[1.297618] (moveit_resources_panda_moveit_config) StdoutLine: {'line': b'-- Installing: /home/shanthosh/Downloads/Project 4/project4_ws/install/moveit_resources_panda_moveit_config/share/moveit_resources_panda_moveit_config/environment/path.dsv\n'}
[1.297843] (moveit_resources_panda_moveit_config) StdoutLine: {'line': b'-- Installing: /home/shanthosh/Downloads/Project 4/project4_ws/install/moveit_resources_panda_moveit_config/share/moveit_resources_panda_moveit_config/local_setup.bash\n'}
[1.298035] (moveit_resources_panda_moveit_config) StdoutLine: {'line': b'-- Installing: /home/shanthosh/Downloads/Project 4/project4_ws/install/moveit_resources_panda_moveit_config/share/moveit_resources_panda_moveit_config/local_setup.sh\n'}
[1.298285] (moveit_resources_panda_moveit_config) StdoutLine: {'line': b'-- Installing: /home/shanthosh/Downloads/Project 4/project4_ws/install/moveit_resources_panda_moveit_config/share/moveit_resources_panda_moveit_config/local_setup.zsh\n'}
[1.298534] (moveit_resources_panda_moveit_config) StdoutLine: {'line': b'-- Installing: /home/shanthosh/Downloads/Project 4/project4_ws/install/moveit_resources_panda_moveit_config/share/moveit_resources_panda_moveit_config/local_setup.dsv\n'}
[1.298702] (moveit_resources_panda_moveit_config) StdoutLine: {'line': b'-- Installing: /home/shanthosh/Downloads/Project 4/project4_ws/install/moveit_resources_panda_moveit_config/share/moveit_resources_panda_moveit_config/package.dsv\n'}
[1.298957] (moveit_resources_panda_moveit_config) StdoutLine: {'line': b'-- Installing: /home/shanthosh/Downloads/Project 4/project4_ws/install/moveit_resources_panda_moveit_config/share/ament_index/resource_index/packages/moveit_resources_panda_moveit_config\n'}
[1.299194] (moveit_resources_panda_moveit_config) StdoutLine: {'line': b'-- Installing: /home/shanthosh/Downloads/Project 4/project4_ws/install/moveit_resources_panda_moveit_config/share/moveit_resources_panda_moveit_config/cmake/moveit_resources_panda_moveit_configConfig.cmake\n'}
[1.299364] (moveit_resources_panda_moveit_config) StdoutLine: {'line': b'-- Installing: /home/shanthosh/Downloads/Project 4/project4_ws/install/moveit_resources_panda_moveit_config/share/moveit_resources_panda_moveit_config/cmake/moveit_resources_panda_moveit_configConfig-version.cmake\n'}
[1.299555] (moveit_resources_panda_moveit_config) StdoutLine: {'line': b'-- Installing: /home/shanthosh/Downloads/Project 4/project4_ws/install/moveit_resources_panda_moveit_config/share/moveit_resources_panda_moveit_config/package.xml\n'}
[1.299720] (moveit_resources_panda_moveit_config) StdoutLine: {'line': b'-- Installing: /home/shanthosh/Downloads/Project 4/project4_ws/install/moveit_resources_panda_moveit_config/share/moveit_resources_panda_moveit_config/launch\n'}
[1.299848] (moveit_resources_panda_moveit_config) StdoutLine: {'line': b'-- Installing: /home/shanthosh/Downloads/Project 4/project4_ws/install/moveit_resources_panda_moveit_config/share/moveit_resources_panda_moveit_config/launch/moveit_rviz.launch.py\n'}
[1.300018] (moveit_resources_panda_moveit_config) StdoutLine: {'line': b'-- Installing: /home/shanthosh/Downloads/Project 4/project4_ws/install/moveit_resources_panda_moveit_config/share/moveit_resources_panda_moveit_config/launch/demo.launch.py\n'}
[1.300185] (moveit_resources_panda_moveit_config) StdoutLine: {'line': b'-- Installing: /home/shanthosh/Downloads/Project 4/project4_ws/install/moveit_resources_panda_moveit_config/share/moveit_resources_panda_moveit_config/launch/moveit_empty.rviz\n'}
[1.300355] (moveit_resources_panda_moveit_config) StdoutLine: {'line': b'-- Installing: /home/shanthosh/Downloads/Project 4/project4_ws/install/moveit_resources_panda_moveit_config/share/moveit_resources_panda_moveit_config/launch/moveit.rviz\n'}
[1.300567] (moveit_resources_panda_moveit_config) StdoutLine: {'line': b'-- Installing: /home/shanthosh/Downloads/Project 4/project4_ws/install/moveit_resources_panda_moveit_config/share/moveit_resources_panda_moveit_config/config\n'}
[1.300680] (moveit_resources_panda_moveit_config) StdoutLine: {'line': b'-- Installing: /home/shanthosh/Downloads/Project 4/project4_ws/install/moveit_resources_panda_moveit_config/share/moveit_resources_panda_moveit_config/config/initial_positions.yaml\n'}
[1.300734] (-) TimerEvent: {}
[1.300860] (moveit_resources_panda_moveit_config) StdoutLine: {'line': b'-- Installing: /home/shanthosh/Downloads/Project 4/project4_ws/install/moveit_resources_panda_moveit_config/share/moveit_resources_panda_moveit_config/config/moveit_controllers.yaml\n'}
[1.301028] (moveit_resources_panda_moveit_config) StdoutLine: {'line': b'-- Installing: /home/shanthosh/Downloads/Project 4/project4_ws/install/moveit_resources_panda_moveit_config/share/moveit_resources_panda_moveit_config/config/ompl_planning.yaml\n'}
[1.301202] (moveit_resources_panda_moveit_config) StdoutLine: {'line': b'-- Installing: /home/shanthosh/Downloads/Project 4/project4_ws/install/moveit_resources_panda_moveit_config/share/moveit_resources_panda_moveit_config/config/kinematics.yaml\n'}
[1.301363] (moveit_resources_panda_moveit_config) StdoutLine: {'line': b'-- Installing: /home/shanthosh/Downloads/Project 4/project4_ws/install/moveit_resources_panda_moveit_config/share/moveit_resources_panda_moveit_config/config/pilz_industrial_motion_planner_planning.yaml\n'}
[1.301528] (moveit_resources_panda_moveit_config) StdoutLine: {'line': b'-- Installing: /home/shanthosh/Downloads/Project 4/project4_ws/install/moveit_resources_panda_moveit_config/share/moveit_resources_panda_moveit_config/config/hand.xacro\n'}
[1.301691] (moveit_resources_panda_moveit_config) StdoutLine: {'line': b'-- Installing: /home/shanthosh/Downloads/Project 4/project4_ws/install/moveit_resources_panda_moveit_config/share/moveit_resources_panda_moveit_config/config/panda.srdf\n'}
[1.301892] (moveit_resources_panda_moveit_config) StdoutLine: {'line': b'-- Installing: /home/shanthosh/Downloads/Project 4/project4_ws/install/moveit_resources_panda_moveit_config/share/moveit_resources_panda_moveit_config/config/sensors_kinect_depthmap.yaml\n'}
[1.302046] (moveit_resources_panda_moveit_config) StdoutLine: {'line': b'-- Installing: /home/shanthosh/Downloads/Project 4/project4_ws/install/moveit_resources_panda_moveit_config/share/moveit_resources_panda_moveit_config/config/lerp_planning.yaml\n'}
[1.302206] (moveit_resources_panda_moveit_config) StdoutLine: {'line': b'-- Installing: /home/shanthosh/Downloads/Project 4/project4_ws/install/moveit_resources_panda_moveit_config/share/moveit_resources_panda_moveit_config/config/gripper_moveit_controllers.yaml\n'}
[1.302381] (moveit_resources_panda_moveit_config) StdoutLine: {'line': b'-- Installing: /home/shanthosh/Downloads/Project 4/project4_ws/install/moveit_resources_panda_moveit_config/share/moveit_resources_panda_moveit_config/config/panda_arm.xacro\n'}
[1.302540] (moveit_resources_panda_moveit_config) StdoutLine: {'line': b'-- Installing: /home/shanthosh/Downloads/Project 4/project4_ws/install/moveit_resources_panda_moveit_config/share/moveit_resources_panda_moveit_config/config/sensors_kinect_pointcloud.yaml\n'}
[1.302716] (moveit_resources_panda_moveit_config) StdoutLine: {'line': b'-- Installing: /home/shanthosh/Downloads/Project 4/project4_ws/install/moveit_resources_panda_moveit_config/share/moveit_resources_panda_moveit_config/config/panda_arm.srdf.xacro\n'}
[1.302878] (moveit_resources_panda_moveit_config) StdoutLine: {'line': b'-- Installing: /home/shanthosh/Downloads/Project 4/project4_ws/install/moveit_resources_panda_moveit_config/share/moveit_resources_panda_moveit_config/config/joint_limits.yaml\n'}
[1.303043] (moveit_resources_panda_moveit_config) StdoutLine: {'line': b'-- Installing: /home/shanthosh/Downloads/Project 4/project4_ws/install/moveit_resources_panda_moveit_config/share/moveit_resources_panda_moveit_config/config/panda_hand.ros2_control.xacro\n'}
[1.303205] (moveit_resources_panda_moveit_config) StdoutLine: {'line': b'-- Installing: /home/shanthosh/Downloads/Project 4/project4_ws/install/moveit_resources_panda_moveit_config/share/moveit_resources_panda_moveit_config/config/panda.ros2_control.xacro\n'}
[1.303370] (moveit_resources_panda_moveit_config) StdoutLine: {'line': b'-- Installing: /home/shanthosh/Downloads/Project 4/project4_ws/install/moveit_resources_panda_moveit_config/share/moveit_resources_panda_moveit_config/config/chomp_planning.yaml\n'}
[1.303542] (moveit_resources_panda_moveit_config) StdoutLine: {'line': b'-- Installing: /home/shanthosh/Downloads/Project 4/project4_ws/install/moveit_resources_panda_moveit_config/share/moveit_resources_panda_moveit_config/config/panda.urdf.xacro\n'}
[1.303709] (moveit_resources_panda_moveit_config) StdoutLine: {'line': b'-- Installing: /home/shanthosh/Downloads/Project 4/project4_ws/install/moveit_resources_panda_moveit_config/share/moveit_resources_panda_moveit_config/config/trajopt_planning.yaml\n'}
[1.304299] (moveit_resources_panda_moveit_config) StdoutLine: {'line': b'-- Installing: /home/shanthosh/Downloads/Project 4/project4_ws/install/moveit_resources_panda_moveit_config/share/moveit_resources_panda_moveit_config/config/ros2_controllers.yaml\n'}
[1.304444] (moveit_resources_panda_moveit_config) StdoutLine: {'line': b'-- Installing: /home/shanthosh/Downloads/Project 4/project4_ws/install/moveit_resources_panda_moveit_config/share/moveit_resources_panda_moveit_config/config/panda_arm_hand.srdf.xacro\n'}
[1.304604] (moveit_resources_panda_moveit_config) StdoutLine: {'line': b'-- Installing: /home/shanthosh/Downloads/Project 4/project4_ws/install/moveit_resources_panda_moveit_config/share/moveit_resources_panda_moveit_config/config/pilz_cartesian_limits.yaml\n'}
[1.304873] (moveit_resources_panda_moveit_config) StdoutLine: {'line': b'-- Installing: /home/shanthosh/Downloads/Project 4/project4_ws/install/moveit_resources_panda_moveit_config/share/moveit_resources_panda_moveit_config/.setup_assistant\n'}
[1.307057] (moveit_resources_panda_moveit_config) CommandEnded: {'returncode': 0}
[1.318820] (moveit_resources_panda_moveit_config) JobEnded: {'identifier': 'moveit_resources_panda_moveit_config', 'rc': 0}
[1.391243] (package_uid) StdoutLine: {'line': b'-- Found Boost: /usr/lib/x86_64-linux-gnu/cmake/Boost-1.74.0/BoostConfig.cmake (found version "1.74.0") found components: system filesystem date_time program_options thread chrono \n'}
[1.400854] (-) TimerEvent: {}
[1.414880] (package_uid) StdoutLine: {'line': b'-- Found Boost: /usr/lib/x86_64-linux-gnu/cmake/Boost-1.74.0/BoostConfig.cmake (found version "1.74.0") found components: thread system filesystem regex date_time program_options \n'}
[1.429652] (package_uid) StdoutLine: {'line': b'-- Found Boost: /usr/lib/x86_64-linux-gnu/cmake/Boost-1.74.0/BoostConfig.cmake (found version "1.74.0") found components: system filesystem date_time program_options thread \n'}
[1.489328] (package_uid) StdoutLine: {'line': b'-- Configuring done\n'}
[1.500954] (-) TimerEvent: {}
[1.508584] (package_uid) StdoutLine: {'line': b'-- Generating done\n'}
[1.513344] (package_uid) StdoutLine: {'line': b'-- Build files have been written to: /home/shanthosh/Downloads/Project 4/project4_ws/build/package_uid\n'}
[1.524548] (package_uid) CommandEnded: {'returncode': 0}
[1.525031] (package_uid) JobProgress: {'identifier': 'package_uid', 'progress': 'build'}
[1.525257] (package_uid) Command: {'cmd': ['/usr/bin/cmake', '--build', '/home/shanthosh/Downloads/Project 4/project4_ws/build/package_uid', '--', '-j12', '-l12'], 'cwd': '/home/shanthosh/Downloads/Project 4/project4_ws/build/package_uid', 'env': OrderedDict([('USER', 'shanthosh'), ('SHLVL', '0'), ('LD_LIBRARY_PATH', '/opt/ros/humble/opt/rviz_ogre_vendor/lib:/opt/ros/humble/lib/x86_64-linux-gnu:/opt/ros/humble/lib'), ('HOME', '/home/shanthosh'), ('ROS_PYTHON_VERSION', '3'), ('LC_CTYPE', 'C.UTF-8'), ('ROS_DISTRO', 'humble'), ('_', '/usr/bin/colcon'), ('ROS_VERSION', '2'), ('TERM', 'xterm-256color'), ('ROS_LOCALHOST_ONLY', '0'), ('PATH', '/home/shanthosh/.local/bin:/usr/bin:/bin:/usr/sbin:/sbin:/opt/ros/humble/bin:/snap/bin'), ('AMENT_PREFIX_PATH', '/opt/ros/humble'), ('SHELL', '/bin/bash'), ('PWD', '/home/shanthosh/Downloads/Project 4/project4_ws/build/package_uid'), ('XDG_DATA_DIRS', '/usr/share/gnome:/usr/local/share:/usr/share:/var/lib/snapd/desktop'), ('PYTHONPATH', '/opt/ros/humble/lib/python3.10/site-packages:/opt/ros/humble/local/lib/python3.10/dist-packages'), ('COLCON', '1'), ('CMAKE_PREFIX_PATH', '/opt/ros/humble')]), 'shell': False}
[1.586130] (package_uid) StdoutLine: {'line': b'[ 50%] Building CXX object CMakeFiles/pick_place_demo.dir/src/pick_place_demo.cpp.o\n'}
[1.601060] (-) TimerEvent: {}
[1.701247] (-) TimerEvent: {}
[1.801421] (-) TimerEvent: {}
[1.901629] (-) TimerEvent: {}
[2.001956] (-) TimerEvent: {}
[2.102135] (-) TimerEvent: {}
[2.202327] (-) TimerEvent: {}
[2.302506] (-) TimerEvent: {}
[2.402687] (-) TimerEvent: {}
[2.502884] (-) TimerEvent: {}
[2.603073] (-) TimerEvent: {}
[2.703291] (-) TimerEvent: {}
[2.803476] (-) TimerEvent: {}
[2.903844] (-) TimerEvent: {}
[3.004024] (-) TimerEvent: {}
[3.104203] (-) TimerEvent: {}
[3.205823] (-) TimerEvent: {}
[3.306014] (-) TimerEvent: {}
[3.406190] (-) TimerEvent: {}
[3.506371] (-) TimerEvent: {}
[3.606544] (-) TimerEvent: {}
[3.706708] (-) TimerEvent: {}
[3.806885] (-) TimerEvent: {}
[3.907051] (-) TimerEvent: {}
[4.007255] (-) TimerEvent: {}
[4.107434] (-) TimerEvent: {}
[4.207614] (-) TimerEvent: {}
[4.307811] (-) TimerEvent: {}
[4.407989] (-) TimerEvent: {}
[4.508167] (-) TimerEvent: {}
[4.608341] (-) TimerEvent: {}
[4.708508] (-) TimerEvent: {}
[4.808683] (-) TimerEvent: {}
[4.908876] (-) TimerEvent: {}
[5.009050] (-) TimerEvent: {}
[5.109221] (-) TimerEvent: {}
[5.209419] (-) TimerEvent: {}
[5.309629] (-) TimerEvent: {}
[5.409809] (-) TimerEvent: {}
[5.509966] (-) TimerEvent: {}
[5.610135] (-) TimerEvent: {}
[5.710316] (-) TimerEvent: {}
[5.810504] (-) TimerEvent: {}
[5.910689] (-) TimerEvent: {}
[6.010912] (-) TimerEvent: {}
[6.111099] (-) TimerEvent: {}
[6.211280] (-) TimerEvent: {}
[6.311463] (-) TimerEvent: {}
[6.411681] (-) TimerEvent: {}
[6.511881] (-) TimerEvent: {}
[6.612063] (-) TimerEvent: {}
[6.712246] (-) TimerEvent: {}
[6.812465] (-) TimerEvent: {}
[6.912648] (-) TimerEvent: {}
[7.012808] (-) TimerEvent: {}
[7.112980] (-) TimerEvent: {}
[7.213146] (-) TimerEvent: {}
[7.217280] (package_uid) StdoutLine: {'line': b'[100%] Linking CXX executable pick_place_demo\n'}
[7.313252] (-) TimerEvent: {}
[7.413423] (-) TimerEvent: {}
[7.453261] (package_uid) StdoutLine: {'line': b'[100%] Built target pick_place_demo\n'}
[7.465215] (package_uid) CommandEnded: {'returncode': 0}
[7.465724] (package_uid) JobProgress: {'identifier': 'package_uid', 'progress': 'install'}
[7.466015] (package_uid) Command: {'cmd': ['/usr/bin/cmake', '--install', '/home/shanthosh/Downloads/Project 4/project4_ws/build/package_uid'], 'cwd': '/home/shanthosh/Downloads/Project 4/project4_ws/build/package_uid', 'env': OrderedDict([('USER', 'shanthosh'), ('SHLVL', '0'), ('LD_LIBRARY_PATH', '/opt/ros/humble/opt/rviz_ogre_vendor/lib:/opt/ros/humble/lib/x86_64-linux-gnu:/opt/ros/humble/lib'), ('HOME', '/home/shanthosh'), ('ROS_PYTHON_VERSION', '3'), ('LC_CTYPE', 'C.UTF-8'), ('ROS_DISTRO', 'humble'), ('_', '/usr/bin/colcon'), ('ROS_VERSION', '2'), ('TERM', 'xterm-256color'), ('ROS_LOCALHOST_ONLY', '0'), ('PATH', '/home/shanthosh/.local/bin:/usr/bin:/bin:/usr/sbin:/sbin:/opt/ros/humble/bin:/snap/bin'), ('AMENT_PREFIX_PATH', '/opt/ros/humble'), ('SHELL', '/bin/bash'), ('PWD', '/home/shanthosh/Downloads/Project 4/project4_ws/build/package_uid'), ('XDG_DATA_DIRS', '/usr/share/gnome:/usr/local/share:/usr/share:/var/lib/snapd/desktop'), ('PYTHONPATH', '/opt/ros/humble/lib/python3.10/site-packages:/opt/ros/humble/local/lib/python3.10/dist-packages'), ('COLCON', '1'), ('CMAKE_PREFIX_PATH', '/opt/ros/humble')]), 'shell': False}
[7.472619] (package_uid) StdoutLine: {'line': b'-- Install configuration: ""\n'}
[7.472814] (package_uid) StdoutLine: {'line': b'-- Installing: /home/shanthosh/Downloads/Project 4/project4_ws/install/package_uid/lib/package_uid/pick_place_demo\n'}
[7.473380] (package_uid) StdoutLine: {'line': b'-- Set runtime path of "/home/shanthosh/Downloads/Project 4/project4_ws/install/package_uid/lib/package_uid/pick_place_demo" to ""\n'}
[7.473541] (package_uid) StdoutLine: {'line': b'-- Installing: /home/shanthosh/Downloads/Project 4/project4_ws/install/package_uid/share/package_uid/config\n'}
[7.473593] (package_uid) StdoutLine: {'line': b'-- Installing: /home/shanthosh/Downloads/Project 4/project4_ws/install/package_uid/share/package_uid/config/pick_place_demo.yaml\n'}
[7.473701] (package_uid) StdoutLine: {'line': b'-- Installing: /home/shanthosh/Downloads/Project 4/project4_ws/install/package_uid/share/package_uid/launch\n'}
[7.473854] (package_uid) StdoutLine: {'line': b'-- Installing: /home/shanthosh/Downloads/Project 4/project4_ws/install/package_uid/share/package_uid/launch/pick_place_demo.launch.py\n'}
[7.473947] (package_uid) StdoutLine: {'line': b'-- Installing: /home/shanthosh/Downloads/Project 4/project4_ws/install/package_uid/share/package_uid/README.md\n'}
[7.474041] (package_uid) StdoutLine: {'line': b'-- Installing: /home/shanthosh/Downloads/Project 4/project4_ws/install/package_uid/share/package_uid/package.xml\n'}
[7.474252] (package_uid) StdoutLine: {'line': b'-- Installing: /home/shanthosh/Downloads/Project 4/project4_ws/install/package_uid/share/ament_index/resource_index/package_run_dependencies/package_uid\n'}
[7.474444] (package_uid) StdoutLine: {'line': b'-- Installing: /home/shanthosh/Downloads/Project 4/project4_ws/install/package_uid/share/ament_index/resource_index/parent_prefix_path/package_uid\n'}
[7.474629] (package_uid) StdoutLine: {'line': b'-- Installing: /home/shanthosh/Downloads/Project 4/project4_ws/install/package_uid/share/package_uid/environment/ament_prefix_path.sh\n'}
[7.474822] (package_uid) StdoutLine: {'line': b'-- Installing: /home/shanthosh/Downloads/Project 4/project4_ws/install/package_uid/share/package_uid/environment/ament_prefix_path.dsv\n'}
[7.474928] (package_uid) StdoutLine: {'line': b'-- Installing: /home/shanthosh/Downloads/Project 4/project4_ws/install/package_uid/share/package_uid/environment/path.sh\n'}
[7.475047] (package_uid) StdoutLine: {'line': b'-- Installing: /home/shanthosh/Downloads/Project 4/project4_ws/install/package_uid/share/package_uid/environment/path.dsv\n'}
[7.475191] (package_uid) StdoutLine: {'line': b'-- Installing: /home/shanthosh/Downloads/Project 4/project4_ws/install/package_uid/share/package_uid/local_setup.bash\n'}
[7.475295] (package_uid) StdoutLine: {'line': b'-- Installing: /home/shanthosh/Downloads/Project 4/project4_ws/install/package_uid/share/package_uid/local_setup.sh\n'}
[7.475415] (package_uid) StdoutLine: {'line': b'-- Installing: /home/shanthosh/Downloads/Project 4/project4_ws/install/package_uid/share/package_uid/local_setup.zsh\n'}
[7.475530] (package_uid) StdoutLine: {'line': b'-- Installing: /home/shanthosh/Downloads/Project 4/project4_ws/install/package_uid/share/package_uid/local_setup.dsv\n'}
[7.475646] (package_uid) StdoutLine: {'line': b'-- Installing: /home/shanthosh/Downloads/Project 4/project4_ws/install/package_uid/share/package_uid/package.dsv\n'}
[7.475811] (package_uid) StdoutLine: {'line': b'-- Installing: /home/shanthosh/Downloads/Project 4/project4_ws/install/package_uid/share/ament_index/resource_index/packages/package_uid\n'}
[7.475971] (package_uid) StdoutLine: {'line': b'-- Installing: /home/shanthosh/Downloads/Project 4/project4_ws/install/package_uid/share/package_uid/cmake/package_uidConfig.cmake\n'}
[7.476096] (package_uid) StdoutLine: {'line': b'-- Installing: /home/shanthosh/Downloads/Project 4/project4_ws/install/package_uid/share/package_uid/cmake/package_uidConfig-version.cmake\n'}
[7.476248] (package_uid) StdoutLine: {'line': b'-- Up-to-date: /home/shanthosh/Downloads/Project 4/project4_ws/install/package_uid/share/package_uid/package.xml\n'}
[7.513535] (-) TimerEvent: {}
[7.613716] (-) TimerEvent: {}
[7.713894] (-) TimerEvent: {}
[7.814060] (-) TimerEvent: {}
[7.914229] (-) TimerEvent: {}
[8.014461] (-) TimerEvent: {}
[8.114673] (-) TimerEvent: {}
[8.214865] (-) TimerEvent: {}
[8.315044] (-) TimerEvent: {}
[8.415217] (-) TimerEvent: {}
[8.515394] (-) TimerEvent: {}
[8.615582] (-) TimerEvent: {}
[8.715773] (-) TimerEvent: {}
[8.815978] (-) TimerEvent: {}
[8.916216] (-) TimerEvent: {}
[9.016432] (-) TimerEvent: {}
[9.116667] (-) TimerEvent: {}
[9.216888] (-) TimerEvent: {}
[9.317063] (-) TimerEvent: {}
[9.417236] (-) TimerEvent: {}
[9.517422] (-) TimerEvent: {}
[9.617640] (-) TimerEvent: {}
[9.717802] (-) TimerEvent: {}
[9.817965] (-) TimerEvent: {}
[9.918135] (-) TimerEvent: {}
[10.018309] (-) TimerEvent: {}
[10.118487] (-) TimerEvent: {}
[10.218659] (-) TimerEvent: {}
[10.318815] (-) TimerEvent: {}
[10.419078] (-) TimerEvent: {}
[10.519303] (-) TimerEvent: {}
[10.619473] (-) TimerEvent: {}
[10.719637] (-) TimerEvent: {}
[10.819837] (-) TimerEvent: {}
[10.920055] (-) TimerEvent: {}
[11.020297] (-) TimerEvent: {}
[11.120483] (-) TimerEvent: {}
[11.220701] (-) TimerEvent: {}
[11.320903] (-) TimerEvent: {}
[11.421108] (-) TimerEvent: {}
[11.521325] (-) TimerEvent: {}
[11.621497] (-) TimerEvent: {}
[11.721679] (-) TimerEvent: {}
[11.821830] (-) TimerEvent: {}
[11.922027] (-) TimerEvent: {}
[12.022241] (-) TimerEvent: {}
[12.122471] (-) TimerEvent: {}
[12.222663] (-) TimerEvent: {}
[12.322835] (-) TimerEvent: {}
[12.423034] (-) TimerEvent: {}
[12.523211] (-) TimerEvent: {}
[12.623390] (-) TimerEvent: {}
[12.723559] (-) TimerEvent: {}
[12.823724] (-) TimerEvent: {}
[12.923937] (-) TimerEvent: {}
[13.024156] (-) TimerEvent: {}
[13.124381] (-) TimerEvent: {}
[13.224627] (-) TimerEvent: {}
[13.324823] (-) TimerEvent: {}
[13.425002] (-) TimerEvent: {}
[13.525224] (-) TimerEvent: {}
[13.625436] (-) TimerEvent: {}
[13.725644] (-) TimerEvent: {}
[13.825833] (-) TimerEvent: {}
[13.926071] (-) TimerEvent: {}
[14.026296] (-) TimerEvent: {}
[14.126527] (-) TimerEvent: {}
[14.226799] (-) TimerEvent: {}
[14.327018] (-) TimerEvent: {}
[14.427186] (-) TimerEvent: {}
[14.527357] (-) TimerEvent: {}
[14.627524] (-) TimerEvent: {}
[14.727732] (-) TimerEvent: {}
[14.827915] (-) TimerEvent: {}
[14.928092] (-) TimerEvent: {}
[15.028265] (-) TimerEvent: {}
[15.128480] (-) TimerEvent: {}
[15.228751] (-) TimerEvent: {}
[15.328994] (-) TimerEvent: {}
[15.429204] (-) TimerEvent: {}
[15.529377] (-) TimerEvent: {}
[15.629551] (-) TimerEvent: {}
[15.729736] (-) TimerEvent: {}
[15.829914] (-) TimerEvent: {}
[15.930079] (-) TimerEvent: {}
[16.030260] (-) TimerEvent: {}
[16.130808] (-) TimerEvent: {}
[16.231026] (-) TimerEvent: {}
[16.331238] (-) TimerEvent: {}
[16.431419] (-) TimerEvent: {}
[16.531600] (-) TimerEvent: {}
[16.631789] (-) TimerEvent: {}
[16.731969] (-) TimerEvent: {}
[16.832161] (-) TimerEvent: {}
[16.932349] (-) TimerEvent: {}
[17.033020] (-) TimerEvent: {}
[17.133236] (-) TimerEvent: {}
[17.233488] (-) TimerEvent: {}
[17.333692] (-) TimerEvent: {}
[17.433851] (-) TimerEvent: {}
[17.534004] (-) TimerEvent: {}
[17.634187] (-) TimerEvent: {}
[17.734885] (-) TimerEvent: {}
[17.835124] (-) TimerEvent: {}
[17.935336] (-) TimerEvent: {}
[18.035504] (-) TimerEvent: {}
[18.135667] (-) TimerEvent: {}
[18.235809] (-) TimerEvent: {}
[18.336030] (-) TimerEvent: {}
[18.436241] (-) TimerEvent: {}
[18.536418] (-) TimerEvent: {}
[18.636607] (-) TimerEvent: {}
[18.736779] (-) TimerEvent: {}
[18.836963] (-) TimerEvent: {}
[18.937155] (-) TimerEvent: {}
[19.037340] (-) TimerEvent: {}
[19.137510] (-) TimerEvent: {}
[19.237677] (-) TimerEvent: {}
[19.337808] (-) TimerEvent: {}
[19.438015] (-) TimerEvent: {}
[19.538219] (-) TimerEvent: {}
[19.638388] (-) TimerEvent: {}
[19.738575] (-) TimerEvent: {}
[19.838806] (-) TimerEvent: {}
[19.939040] (-) TimerEvent: {}
[20.039813] (-) TimerEvent: {}
[20.139990] (-) TimerEvent: {}
[20.240166] (-) TimerEvent: {}
[20.340410] (-) TimerEvent: {}
[20.440620] (-) TimerEvent: {}
[20.540812] (-) TimerEvent: {}
[20.641034] (-) TimerEvent: {}
[20.741259] (-) TimerEvent: {}
[20.841437] (-) TimerEvent: {}
[20.941654] (-) TimerEvent: {}
[21.041845] (-) TimerEvent: {}
[21.142064] (-) TimerEvent: {}
[21.242281] (-) TimerEvent: {}
[21.342494] (-) TimerEvent: {}
[21.442670] (-) TimerEvent: {}
[21.542873] (-) TimerEvent: {}
[21.643064] (-) TimerEvent: {}
[21.743251] (-) TimerEvent: {}
[21.843465] (-) TimerEvent: {}
[21.943663] (-) TimerEvent: {}
[22.043845] (-) TimerEvent: {}
[22.144058] (-) TimerEvent: {}
[22.244231] (-) TimerEvent: {}
[22.344470] (-) TimerEvent: {}
[22.444683] (-) TimerEvent: {}
[22.544909] (-) TimerEvent: {}
[22.645119] (-) TimerEvent: {}
[22.745290] (-) TimerEvent: {}
[22.845466] (-) TimerEvent: {}
[22.945642] (-) TimerEvent: {}
[23.045806] (-) TimerEvent: {}
[23.146024] (-) TimerEvent: {}
[23.246278] (-) TimerEvent: {}
[23.346510] (-) TimerEvent: {}
[23.446700] (-) TimerEvent: {}
[23.546885] (-) TimerEvent: {}
[23.647064] (-) TimerEvent: {}
[23.747244] (-) TimerEvent: {}
[23.847424] (-) TimerEvent: {}
[23.947616] (-) TimerEvent: {}
[24.047821] (-) TimerEvent: {}
[24.148012] (-) TimerEvent: {}
[24.248232] (-) TimerEvent: {}
[24.348453] (-) TimerEvent: {}
[24.448651] (-) TimerEvent: {}
[24.548811] (-) TimerEvent: {}
[24.648991] (-) TimerEvent: {}
[24.749820] (-) TimerEvent: {}
[24.850015] (-) TimerEvent: {}
[24.950177] (-) TimerEvent: {}
[25.050346] (-) TimerEvent: {}
[25.150516] (-) TimerEvent: {}
[25.250710] (-) TimerEvent: {}
[25.350941] (-) TimerEvent: {}
[25.451153] (-) TimerEvent: {}
[25.551366] (-) TimerEvent: {}
[25.651555] (-) TimerEvent: {}
[25.751731] (-) TimerEvent: {}
[25.851904] (-) TimerEvent: {}
[25.952062] (-) TimerEvent: {}
[26.052234] (-) TimerEvent: {}
[26.152414] (-) TimerEvent: {}
[26.252608] (-) TimerEvent: {}
[26.352815] (-) TimerEvent: {}
[26.453043] (-) TimerEvent: {}
[26.553265] (-) TimerEvent: {}
[26.653444] (-) TimerEvent: {}
[26.753666] (-) TimerEvent: {}
[26.853897] (-) TimerEvent: {}
[26.954121] (-) TimerEvent: {}
[27.054343] (-) TimerEvent: {}
[27.154532] (-) TimerEvent: {}
[27.254725] (-) TimerEvent: {}
[27.354910] (-) TimerEvent: {}
[27.455086] (-) TimerEvent: {}
[27.555268] (-) TimerEvent: {}
[27.655449] (-) TimerEvent: {}
[27.755683] (-) TimerEvent: {}
[27.855914] (-) TimerEvent: {}
[27.956089] (-) TimerEvent: {}
[28.056265] (-) TimerEvent: {}
[28.156466] (-) TimerEvent: {}
[28.256669] (-) TimerEvent: {}
[28.356844] (-) TimerEvent: {}
[28.457046] (-) TimerEvent: {}
[28.557225] (-) TimerEvent: {}
[28.657406] (-) TimerEvent: {}
[28.757590] (-) TimerEvent: {}
[28.857791] (-) TimerEvent: {}
[28.957964] (-) TimerEvent: {}
[29.058128] (-) TimerEvent: {}
[29.158289] (-) TimerEvent: {}
[29.258458] (-) TimerEvent: {}
[29.358751] (-) TimerEvent: {}
[29.458951] (-) TimerEvent: {}
[29.559150] (-) TimerEvent: {}
[29.659331] (-) TimerEvent: {}
[29.759507] (-) TimerEvent: {}
[29.859687] (-) TimerEvent: {}
[29.959867] (-) TimerEvent: {}
[30.060029] (-) TimerEvent: {}
[30.160201] (-) TimerEvent: {}
[30.260397] (-) TimerEvent: {}
[30.360671] (-) TimerEvent: {}
[30.460999] (-) TimerEvent: {}
[30.561216] (-) TimerEvent: {}
[30.661410] (-) TimerEvent: {}
[30.761658] (-) TimerEvent: {}
[30.861884] (-) TimerEvent: {}
[30.962063] (-) TimerEvent: {}
[31.062270] (-) TimerEvent: {}
[31.162452] (-) TimerEvent: {}
[31.262667] (-) TimerEvent: {}
[31.343376] (package_uid) CommandEnded: {'returncode': 0}
[31.359074] (package_uid) JobEnded: {'identifier': 'package_uid', 'rc': 0}
[31.359509] (-) EventReactorShutdown: {}
