[0.074s] DEBUG:colcon:Command line arguments: ['/usr/bin/colcon', 'build', '--cmake-clean-cache', '--cmake-args', '-DPython3_EXECUTABLE=/usr/bin/python3', '-DCMAKE_FIND_USE_PACKAGE_REGISTRY=FALSE', '-DCMAKE_FIND_USE_SYSTEM_PACKAGE_REGISTRY=FALSE', '-DCMAKE_IGNORE_PATH=/home/shanthosh/miniconda3']
[0.074s] DEBUG:colcon:Parsed command line arguments: Namespace(log_base=None, log_level=None, verb_name='build', build_base='build', install_base='install', merge_install=False, symlink_install=False, test_result_base=None, continue_on_error=False, executor='parallel', parallel_workers=12, event_handlers=None, ignore_user_meta=False, metas=['./colcon.meta'], base_paths=['.'], packages_ignore=None, packages_ignore_regex=None, paths=None, packages_up_to=None, packages_up_to_regex=None, packages_above=None, packages_above_and_dependencies=None, packages_above_depth=None, packages_select_by_dep=None, packages_skip_by_dep=None, packages_skip_up_to=None, packages_select_build_failed=False, packages_skip_build_finished=False, packages_select_test_failures=False, packages_skip_test_passed=False, packages_select=None, packages_skip=None, packages_select_regex=None, packages_skip_regex=None, packages_start=None, packages_end=None, allow_overriding=[], cmake_args=['-DPython3_EXECUTABLE=/usr/bin/python3', '-DCMAKE_FIND_USE_PACKAGE_REGISTRY=FALSE', '-DCMAKE_FIND_USE_SYSTEM_PACKAGE_REGISTRY=FALSE', '-DCMAKE_IGNORE_PATH=/home/shanthosh/miniconda3'], cmake_target=None, cmake_target_skip_unavailable=False, cmake_clean_cache=True, cmake_clean_first=False, cmake_force_configure=False, ament_cmake_args=None, catkin_cmake_args=None, catkin_skip_building_tests=False, verb_parser=<colcon_defaults.argument_parser.defaults.DefaultArgumentsDecorator object at 0x7e1e21a2f790>, verb_extension=<colcon_core.verb.build.BuildVerb object at 0x7e1e21b6cdf0>, main=<bound method BuildVerb.main of <colcon_core.verb.build.BuildVerb object at 0x7e1e21b6cdf0>>)
[0.176s] Level 1:colcon.colcon_core.package_discovery:discover_packages(colcon_meta) check parameters
[0.176s] Level 1:colcon.colcon_core.package_discovery:discover_packages(recursive) check parameters
[0.176s] Level 1:colcon.colcon_core.package_discovery:discover_packages(ignore) check parameters
[0.176s] Level 1:colcon.colcon_core.package_discovery:discover_packages(path) check parameters
[0.176s] Level 1:colcon.colcon_core.package_discovery:discover_packages(colcon_meta) discover
[0.177s] Level 1:colcon.colcon_core.package_discovery:discover_packages(recursive) discover
[0.177s] INFO:colcon.colcon_core.package_discovery:Crawling recursively for packages in '/home/shanthosh/Downloads/Project 4/project4_ws'
[0.177s] Level 1:colcon.colcon_core.package_identification:_identify(.) by extensions ['ignore', 'ignore_ament_install']
[0.177s] Level 1:colcon.colcon_core.package_identification:_identify(.) by extension 'ignore'
[0.177s] Level 1:colcon.colcon_core.package_identification:_identify(.) by extension 'ignore_ament_install'
[0.177s] Level 1:colcon.colcon_core.package_identification:_identify(.) by extensions ['colcon_pkg']
[0.177s] Level 1:colcon.colcon_core.package_identification:_identify(.) by extension 'colcon_pkg'
[0.177s] Level 1:colcon.colcon_core.package_identification:_identify(.) by extensions ['colcon_meta']
[0.177s] Level 1:colcon.colcon_core.package_identification:_identify(.) by extension 'colcon_meta'
[0.177s] Level 1:colcon.colcon_core.package_identification:_identify(.) by extensions ['ros']
[0.177s] Level 1:colcon.colcon_core.package_identification:_identify(.) by extension 'ros'
[0.183s] Level 1:colcon.colcon_core.package_identification:_identify(.) by extensions ['cmake', 'python']
[0.183s] Level 1:colcon.colcon_core.package_identification:_identify(.) by extension 'cmake'
[0.183s] Level 1:colcon.colcon_core.package_identification:_identify(.) by extension 'python'
[0.183s] Level 1:colcon.colcon_core.package_identification:_identify(.) by extensions ['python_setup_py']
[0.183s] Level 1:colcon.colcon_core.package_identification:_identify(.) by extension 'python_setup_py'
[0.183s] Level 1:colcon.colcon_core.package_identification:_identify(build) by extensions ['ignore', 'ignore_ament_install']
[0.184s] Level 1:colcon.colcon_core.package_identification:_identify(build) by extension 'ignore'
[0.184s] Level 1:colcon.colcon_core.package_identification:_identify(build) ignored
[0.184s] Level 1:colcon.colcon_core.package_identification:_identify(install) by extensions ['ignore', 'ignore_ament_install']
[0.184s] Level 1:colcon.colcon_core.package_identification:_identify(install) by extension 'ignore'
[0.184s] Level 1:colcon.colcon_core.package_identification:_identify(install) ignored
[0.184s] Level 1:colcon.colcon_core.package_identification:_identify(log) by extensions ['ignore', 'ignore_ament_install']
[0.184s] Level 1:colcon.colcon_core.package_identification:_identify(log) by extension 'ignore'
[0.184s] Level 1:colcon.colcon_core.package_identification:_identify(log) ignored
[0.184s] Level 1:colcon.colcon_core.package_identification:_identify(src) by extensions ['ignore', 'ignore_ament_install']
[0.184s] Level 1:colcon.colcon_core.package_identification:_identify(src) by extension 'ignore'
[0.184s] Level 1:colcon.colcon_core.package_identification:_identify(src) by extension 'ignore_ament_install'
[0.184s] Level 1:colcon.colcon_core.package_identification:_identify(src) by extensions ['colcon_pkg']
[0.184s] Level 1:colcon.colcon_core.package_identification:_identify(src) by extension 'colcon_pkg'
[0.184s] Level 1:colcon.colcon_core.package_identification:_identify(src) by extensions ['colcon_meta']
[0.184s] Level 1:colcon.colcon_core.package_identification:_identify(src) by extension 'colcon_meta'
[0.184s] Level 1:colcon.colcon_core.package_identification:_identify(src) by extensions ['ros']
[0.184s] Level 1:colcon.colcon_core.package_identification:_identify(src) by extension 'ros'
[0.184s] Level 1:colcon.colcon_core.package_identification:_identify(src) by extensions ['cmake', 'python']
[0.184s] Level 1:colcon.colcon_core.package_identification:_identify(src) by extension 'cmake'
[0.184s] Level 1:colcon.colcon_core.package_identification:_identify(src) by extension 'python'
[0.184s] Level 1:colcon.colcon_core.package_identification:_identify(src) by extensions ['python_setup_py']
[0.184s] Level 1:colcon.colcon_core.package_identification:_identify(src) by extension 'python_setup_py'
[0.184s] Level 1:colcon.colcon_core.package_identification:_identify(src/package_uid) by extensions ['ignore', 'ignore_ament_install']
[0.184s] Level 1:colcon.colcon_core.package_identification:_identify(src/package_uid) by extension 'ignore'
[0.184s] Level 1:colcon.colcon_core.package_identification:_identify(src/package_uid) by extension 'ignore_ament_install'
[0.184s] Level 1:colcon.colcon_core.package_identification:_identify(src/package_uid) by extensions ['colcon_pkg']
[0.184s] Level 1:colcon.colcon_core.package_identification:_identify(src/package_uid) by extension 'colcon_pkg'
[0.184s] Level 1:colcon.colcon_core.package_identification:_identify(src/package_uid) by extensions ['colcon_meta']
[0.184s] Level 1:colcon.colcon_core.package_identification:_identify(src/package_uid) by extension 'colcon_meta'
[0.184s] Level 1:colcon.colcon_core.package_identification:_identify(src/package_uid) by extensions ['ros']
[0.184s] Level 1:colcon.colcon_core.package_identification:_identify(src/package_uid) by extension 'ros'
[0.186s] DEBUG:colcon.colcon_core.package_identification:Package 'src/package_uid' with type 'ros.ament_cmake' and name 'package_uid'
[0.186s] Level 1:colcon.colcon_core.package_identification:_identify(src/panda_description) by extensions ['ignore', 'ignore_ament_install']
[0.186s] Level 1:colcon.colcon_core.package_identification:_identify(src/panda_description) by extension 'ignore'
[0.186s] Level 1:colcon.colcon_core.package_identification:_identify(src/panda_description) by extension 'ignore_ament_install'
[0.186s] Level 1:colcon.colcon_core.package_identification:_identify(src/panda_description) by extensions ['colcon_pkg']
[0.186s] Level 1:colcon.colcon_core.package_identification:_identify(src/panda_description) by extension 'colcon_pkg'
[0.186s] Level 1:colcon.colcon_core.package_identification:_identify(src/panda_description) by extensions ['colcon_meta']
[0.186s] Level 1:colcon.colcon_core.package_identification:_identify(src/panda_description) by extension 'colcon_meta'
[0.186s] Level 1:colcon.colcon_core.package_identification:_identify(src/panda_description) by extensions ['ros']
[0.186s] Level 1:colcon.colcon_core.package_identification:_identify(src/panda_description) by extension 'ros'
[0.186s] DEBUG:colcon.colcon_core.package_identification:Package 'src/panda_description' with type 'ros.ament_cmake' and name 'moveit_resources_panda_description'
[0.186s] Level 1:colcon.colcon_core.package_identification:_identify(src/panda_moveit_config) by extensions ['ignore', 'ignore_ament_install']
[0.187s] Level 1:colcon.colcon_core.package_identification:_identify(src/panda_moveit_config) by extension 'ignore'
[0.187s] Level 1:colcon.colcon_core.package_identification:_identify(src/panda_moveit_config) by extension 'ignore_ament_install'
[0.187s] Level 1:colcon.colcon_core.package_identification:_identify(src/panda_moveit_config) by extensions ['colcon_pkg']
[0.187s] Level 1:colcon.colcon_core.package_identification:_identify(src/panda_moveit_config) by extension 'colcon_pkg'
[0.187s] Level 1:colcon.colcon_core.package_identification:_identify(src/panda_moveit_config) by extensions ['colcon_meta']
[0.187s] Level 1:colcon.colcon_core.package_identification:_identify(src/panda_moveit_config) by extension 'colcon_meta'
[0.187s] Level 1:colcon.colcon_core.package_identification:_identify(src/panda_moveit_config) by extensions ['ros']
[0.187s] Level 1:colcon.colcon_core.package_identification:_identify(src/panda_moveit_config) by extension 'ros'
[0.187s] DEBUG:colcon.colcon_core.package_identification:Package 'src/panda_moveit_config' with type 'ros.ament_cmake' and name 'moveit_resources_panda_moveit_config'
[0.187s] Level 1:colcon.colcon_core.package_discovery:discover_packages(recursive) using defaults
[0.187s] Level 1:colcon.colcon_core.package_discovery:discover_packages(ignore) discover
[0.187s] Level 1:colcon.colcon_core.package_discovery:discover_packages(ignore) using defaults
[0.187s] Level 1:colcon.colcon_core.package_discovery:discover_packages(path) discover
[0.187s] Level 1:colcon.colcon_core.package_discovery:discover_packages(path) using defaults
[0.208s] Level 1:colcon.colcon_core.package_discovery:discover_packages(prefix_path) check parameters
[0.209s] Level 1:colcon.colcon_core.package_discovery:discover_packages(prefix_path) discover
[0.211s] DEBUG:colcon.colcon_installed_package_information.package_discovery:Found 430 installed packages in /opt/ros/humble
[0.212s] Level 1:colcon.colcon_core.package_discovery:discover_packages(prefix_path) using defaults
[0.244s] Level 5:colcon.colcon_core.verb:set package 'moveit_resources_panda_description' build argument 'cmake_args' from command line to '['-DPython3_EXECUTABLE=/usr/bin/python3', '-DCMAKE_FIND_USE_PACKAGE_REGISTRY=FALSE', '-DCMAKE_FIND_USE_SYSTEM_PACKAGE_REGISTRY=FALSE', '-DCMAKE_IGNORE_PATH=/home/shanthosh/miniconda3']'
[0.244s] Level 5:colcon.colcon_core.verb:set package 'moveit_resources_panda_description' build argument 'cmake_target' from command line to 'None'
[0.244s] Level 5:colcon.colcon_core.verb:set package 'moveit_resources_panda_description' build argument 'cmake_target_skip_unavailable' from command line to 'False'
[0.244s] Level 5:colcon.colcon_core.verb:set package 'moveit_resources_panda_description' build argument 'cmake_clean_cache' from command line to 'True'
[0.244s] Level 5:colcon.colcon_core.verb:set package 'moveit_resources_panda_description' build argument 'cmake_clean_first' from command line to 'False'
[0.244s] Level 5:colcon.colcon_core.verb:set package 'moveit_resources_panda_description' build argument 'cmake_force_configure' from command line to 'False'
[0.244s] Level 5:colcon.colcon_core.verb:set package 'moveit_resources_panda_description' build argument 'ament_cmake_args' from command line to 'None'
[0.244s] Level 5:colcon.colcon_core.verb:set package 'moveit_resources_panda_description' build argument 'catkin_cmake_args' from command line to 'None'
[0.244s] Level 5:colcon.colcon_core.verb:set package 'moveit_resources_panda_description' build argument 'catkin_skip_building_tests' from command line to 'False'
[0.244s] DEBUG:colcon.colcon_core.verb:Building package 'moveit_resources_panda_description' with the following arguments: {'ament_cmake_args': None, 'build_base': '/home/shanthosh/Downloads/Project 4/project4_ws/build/moveit_resources_panda_description', 'catkin_cmake_args': None, 'catkin_skip_building_tests': False, 'cmake_args': ['-DPython3_EXECUTABLE=/usr/bin/python3', '-DCMAKE_FIND_USE_PACKAGE_REGISTRY=FALSE', '-DCMAKE_FIND_USE_SYSTEM_PACKAGE_REGISTRY=FALSE', '-DCMAKE_IGNORE_PATH=/home/shanthosh/miniconda3'], 'cmake_clean_cache': True, 'cmake_clean_first': False, 'cmake_force_configure': False, 'cmake_target': None, 'cmake_target_skip_unavailable': False, 'install_base': '/home/shanthosh/Downloads/Project 4/project4_ws/install/moveit_resources_panda_description', 'merge_install': False, 'path': '/home/shanthosh/Downloads/Project 4/project4_ws/src/panda_description', 'symlink_install': False, 'test_result_base': None}
[0.244s] Level 5:colcon.colcon_core.verb:set package 'package_uid' build argument 'cmake_args' from command line to '['-DPython3_EXECUTABLE=/usr/bin/python3', '-DCMAKE_FIND_USE_PACKAGE_REGISTRY=FALSE', '-DCMAKE_FIND_USE_SYSTEM_PACKAGE_REGISTRY=FALSE', '-DCMAKE_IGNORE_PATH=/home/shanthosh/miniconda3']'
[0.244s] Level 5:colcon.colcon_core.verb:set package 'package_uid' build argument 'cmake_target' from command line to 'None'
[0.244s] Level 5:colcon.colcon_core.verb:set package 'package_uid' build argument 'cmake_target_skip_unavailable' from command line to 'False'
[0.244s] Level 5:colcon.colcon_core.verb:set package 'package_uid' build argument 'cmake_clean_cache' from command line to 'True'
[0.244s] Level 5:colcon.colcon_core.verb:set package 'package_uid' build argument 'cmake_clean_first' from command line to 'False'
[0.244s] Level 5:colcon.colcon_core.verb:set package 'package_uid' build argument 'cmake_force_configure' from command line to 'False'
[0.244s] Level 5:colcon.colcon_core.verb:set package 'package_uid' build argument 'ament_cmake_args' from command line to 'None'
[0.244s] Level 5:colcon.colcon_core.verb:set package 'package_uid' build argument 'catkin_cmake_args' from command line to 'None'
[0.244s] Level 5:colcon.colcon_core.verb:set package 'package_uid' build argument 'catkin_skip_building_tests' from command line to 'False'
[0.244s] DEBUG:colcon.colcon_core.verb:Building package 'package_uid' with the following arguments: {'ament_cmake_args': None, 'build_base': '/home/shanthosh/Downloads/Project 4/project4_ws/build/package_uid', 'catkin_cmake_args': None, 'catkin_skip_building_tests': False, 'cmake_args': ['-DPython3_EXECUTABLE=/usr/bin/python3', '-DCMAKE_FIND_USE_PACKAGE_REGISTRY=FALSE', '-DCMAKE_FIND_USE_SYSTEM_PACKAGE_REGISTRY=FALSE', '-DCMAKE_IGNORE_PATH=/home/shanthosh/miniconda3'], 'cmake_clean_cache': True, 'cmake_clean_first': False, 'cmake_force_configure': False, 'cmake_target': None, 'cmake_target_skip_unavailable': False, 'install_base': '/home/shanthosh/Downloads/Project 4/project4_ws/install/package_uid', 'merge_install': False, 'path': '/home/shanthosh/Downloads/Project 4/project4_ws/src/package_uid', 'symlink_install': False, 'test_result_base': None}
[0.245s] Level 5:colcon.colcon_core.verb:set package 'moveit_resources_panda_moveit_config' build argument 'cmake_args' from command line to '['-DPython3_EXECUTABLE=/usr/bin/python3', '-DCMAKE_FIND_USE_PACKAGE_REGISTRY=FALSE', '-DCMAKE_FIND_USE_SYSTEM_PACKAGE_REGISTRY=FALSE', '-DCMAKE_IGNORE_PATH=/home/shanthosh/miniconda3']'
[0.245s] Level 5:colcon.colcon_core.verb:set package 'moveit_resources_panda_moveit_config' build argument 'cmake_target' from command line to 'None'
[0.245s] Level 5:colcon.colcon_core.verb:set package 'moveit_resources_panda_moveit_config' build argument 'cmake_target_skip_unavailable' from command line to 'False'
[0.245s] Level 5:colcon.colcon_core.verb:set package 'moveit_resources_panda_moveit_config' build argument 'cmake_clean_cache' from command line to 'True'
[0.245s] Level 5:colcon.colcon_core.verb:set package 'moveit_resources_panda_moveit_config' build argument 'cmake_clean_first' from command line to 'False'
[0.245s] Level 5:colcon.colcon_core.verb:set package 'moveit_resources_panda_moveit_config' build argument 'cmake_force_configure' from command line to 'False'
[0.245s] Level 5:colcon.colcon_core.verb:set package 'moveit_resources_panda_moveit_config' build argument 'ament_cmake_args' from command line to 'None'
[0.245s] Level 5:colcon.colcon_core.verb:set package 'moveit_resources_panda_moveit_config' build argument 'catkin_cmake_args' from command line to 'None'
[0.245s] Level 5:colcon.colcon_core.verb:set package 'moveit_resources_panda_moveit_config' build argument 'catkin_skip_building_tests' from command line to 'False'
[0.245s] DEBUG:colcon.colcon_core.verb:Building package 'moveit_resources_panda_moveit_config' with the following arguments: {'ament_cmake_args': None, 'build_base': '/home/shanthosh/Downloads/Project 4/project4_ws/build/moveit_resources_panda_moveit_config', 'catkin_cmake_args': None, 'catkin_skip_building_tests': False, 'cmake_args': ['-DPython3_EXECUTABLE=/usr/bin/python3', '-DCMAKE_FIND_USE_PACKAGE_REGISTRY=FALSE', '-DCMAKE_FIND_USE_SYSTEM_PACKAGE_REGISTRY=FALSE', '-DCMAKE_IGNORE_PATH=/home/shanthosh/miniconda3'], 'cmake_clean_cache': True, 'cmake_clean_first': False, 'cmake_force_configure': False, 'cmake_target': None, 'cmake_target_skip_unavailable': False, 'install_base': '/home/shanthosh/Downloads/Project 4/project4_ws/install/moveit_resources_panda_moveit_config', 'merge_install': False, 'path': '/home/shanthosh/Downloads/Project 4/project4_ws/src/panda_moveit_config', 'symlink_install': False, 'test_result_base': None}
[0.245s] INFO:colcon.colcon_core.executor:Executing jobs using 'parallel' executor
[0.246s] DEBUG:colcon.colcon_parallel_executor.executor.parallel:run_until_complete
[0.246s] INFO:colcon.colcon_ros.task.ament_cmake.build:Building ROS package in '/home/shanthosh/Downloads/Project 4/project4_ws/src/panda_description' with build type 'ament_cmake'
[0.246s] INFO:colcon.colcon_cmake.task.cmake.build:Building CMake package in '/home/shanthosh/Downloads/Project 4/project4_ws/src/panda_description'
[0.248s] INFO:colcon.colcon_core.plugin_system:Skipping extension 'colcon_core.shell.bat': Not used on non-Windows systems
[0.248s] INFO:colcon.colcon_core.shell:Skip shell extension 'powershell' for command environment: Not usable outside of PowerShell
[0.248s] DEBUG:colcon.colcon_core.shell:Skip shell extension 'dsv' for command environment
[0.251s] INFO:colcon.colcon_ros.task.ament_cmake.build:Building ROS package in '/home/shanthosh/Downloads/Project 4/project4_ws/src/package_uid' with build type 'ament_cmake'
[0.251s] INFO:colcon.colcon_cmake.task.cmake.build:Building CMake package in '/home/shanthosh/Downloads/Project 4/project4_ws/src/package_uid'
[0.251s] INFO:colcon.colcon_core.shell:Skip shell extension 'powershell' for command environment: Not usable outside of PowerShell
[0.251s] DEBUG:colcon.colcon_core.shell:Skip shell extension 'dsv' for command environment
[0.256s] DEBUG:colcon.colcon_core.event_handler.log_command:Invoking command in '/home/shanthosh/Downloads/Project 4/project4_ws/build/moveit_resources_panda_description': CMAKE_PREFIX_PATH=/opt/ros/humble /usr/bin/cmake /home/shanthosh/Downloads/Project 4/project4_ws/src/panda_description -DPython3_EXECUTABLE=/usr/bin/python3 -DCMAKE_FIND_USE_PACKAGE_REGISTRY=FALSE -DCMAKE_FIND_USE_SYSTEM_PACKAGE_REGISTRY=FALSE -DCMAKE_IGNORE_PATH=/home/shanthosh/miniconda3 -DCMAKE_INSTALL_PREFIX=/home/shanthosh/Downloads/Project 4/project4_ws/install/moveit_resources_panda_description
[0.257s] DEBUG:colcon.colcon_core.event_handler.log_command:Invoking command in '/home/shanthosh/Downloads/Project 4/project4_ws/build/package_uid': CMAKE_PREFIX_PATH=/opt/ros/humble /usr/bin/cmake /home/shanthosh/Downloads/Project 4/project4_ws/src/package_uid -DPython3_EXECUTABLE=/usr/bin/python3 -DCMAKE_FIND_USE_PACKAGE_REGISTRY=FALSE -DCMAKE_FIND_USE_SYSTEM_PACKAGE_REGISTRY=FALSE -DCMAKE_IGNORE_PATH=/home/shanthosh/miniconda3 -DCMAKE_INSTALL_PREFIX=/home/shanthosh/Downloads/Project 4/project4_ws/install/package_uid
[0.808s] DEBUG:colcon.colcon_core.event_handler.log_command:Invoked command in '/home/shanthosh/Downloads/Project 4/project4_ws/build/moveit_resources_panda_description' returned '0': CMAKE_PREFIX_PATH=/opt/ros/humble /usr/bin/cmake /home/shanthosh/Downloads/Project 4/project4_ws/src/panda_description -DPython3_EXECUTABLE=/usr/bin/python3 -DCMAKE_FIND_USE_PACKAGE_REGISTRY=FALSE -DCMAKE_FIND_USE_SYSTEM_PACKAGE_REGISTRY=FALSE -DCMAKE_IGNORE_PATH=/home/shanthosh/miniconda3 -DCMAKE_INSTALL_PREFIX=/home/shanthosh/Downloads/Project 4/project4_ws/install/moveit_resources_panda_description
[0.809s] DEBUG:colcon.colcon_core.event_handler.log_command:Invoking command in '/home/shanthosh/Downloads/Project 4/project4_ws/build/moveit_resources_panda_description': CMAKE_PREFIX_PATH=/opt/ros/humble /usr/bin/cmake --build /home/shanthosh/Downloads/Project 4/project4_ws/build/moveit_resources_panda_description -- -j12 -l12
[0.856s] DEBUG:colcon.colcon_core.event_handler.log_command:Invoked command in '/home/shanthosh/Downloads/Project 4/project4_ws/build/moveit_resources_panda_description' returned '0': CMAKE_PREFIX_PATH=/opt/ros/humble /usr/bin/cmake --build /home/shanthosh/Downloads/Project 4/project4_ws/build/moveit_resources_panda_description -- -j12 -l12
[0.868s] DEBUG:colcon.colcon_core.event_handler.log_command:Invoking command in '/home/shanthosh/Downloads/Project 4/project4_ws/build/moveit_resources_panda_description': CMAKE_PREFIX_PATH=/opt/ros/humble /usr/bin/cmake --install /home/shanthosh/Downloads/Project 4/project4_ws/build/moveit_resources_panda_description
[0.901s] Level 1:colcon.colcon_core.environment:create_environment_scripts_only(moveit_resources_panda_description)
[0.902s] DEBUG:colcon.colcon_core.event_handler.log_command:Invoked command in '/home/shanthosh/Downloads/Project 4/project4_ws/build/moveit_resources_panda_description' returned '0': CMAKE_PREFIX_PATH=/opt/ros/humble /usr/bin/cmake --install /home/shanthosh/Downloads/Project 4/project4_ws/build/moveit_resources_panda_description
[0.904s] Level 1:colcon.colcon_core.environment:checking '/home/shanthosh/Downloads/Project 4/project4_ws/install/moveit_resources_panda_description' for CMake module files
[0.905s] Level 1:colcon.colcon_core.environment:checking '/home/shanthosh/Downloads/Project 4/project4_ws/install/moveit_resources_panda_description' for CMake config files
[0.905s] Level 1:colcon.colcon_core.shell:create_environment_hook('moveit_resources_panda_description', 'cmake_prefix_path')
[0.906s] INFO:colcon.colcon_core.shell:Creating environment hook '/home/shanthosh/Downloads/Project 4/project4_ws/install/moveit_resources_panda_description/share/moveit_resources_panda_description/hook/cmake_prefix_path.ps1'
[0.906s] INFO:colcon.colcon_core.shell:Creating environment descriptor '/home/shanthosh/Downloads/Project 4/project4_ws/install/moveit_resources_panda_description/share/moveit_resources_panda_description/hook/cmake_prefix_path.dsv'
[0.907s] INFO:colcon.colcon_core.shell:Creating environment hook '/home/shanthosh/Downloads/Project 4/project4_ws/install/moveit_resources_panda_description/share/moveit_resources_panda_description/hook/cmake_prefix_path.sh'
[0.907s] Level 1:colcon.colcon_core.environment:checking '/home/shanthosh/Downloads/Project 4/project4_ws/install/moveit_resources_panda_description/bin'
[0.907s] Level 1:colcon.colcon_core.environment:checking '/home/shanthosh/Downloads/Project 4/project4_ws/install/moveit_resources_panda_description/lib/pkgconfig/moveit_resources_panda_description.pc'
[0.907s] Level 1:colcon.colcon_core.environment:checking '/home/shanthosh/Downloads/Project 4/project4_ws/install/moveit_resources_panda_description/lib/python3.10/site-packages'
[0.908s] Level 1:colcon.colcon_core.environment:checking '/home/shanthosh/Downloads/Project 4/project4_ws/install/moveit_resources_panda_description/bin'
[0.908s] INFO:colcon.colcon_core.shell:Creating package script '/home/shanthosh/Downloads/Project 4/project4_ws/install/moveit_resources_panda_description/share/moveit_resources_panda_description/package.ps1'
[0.908s] INFO:colcon.colcon_core.shell:Creating package descriptor '/home/shanthosh/Downloads/Project 4/project4_ws/install/moveit_resources_panda_description/share/moveit_resources_panda_description/package.dsv'
[0.909s] INFO:colcon.colcon_core.shell:Creating package script '/home/shanthosh/Downloads/Project 4/project4_ws/install/moveit_resources_panda_description/share/moveit_resources_panda_description/package.sh'
[0.909s] INFO:colcon.colcon_core.shell:Creating package script '/home/shanthosh/Downloads/Project 4/project4_ws/install/moveit_resources_panda_description/share/moveit_resources_panda_description/package.bash'
[0.910s] INFO:colcon.colcon_core.shell:Creating package script '/home/shanthosh/Downloads/Project 4/project4_ws/install/moveit_resources_panda_description/share/moveit_resources_panda_description/package.zsh'
[0.910s] Level 1:colcon.colcon_core.environment:create_file_with_runtime_dependencies(/home/shanthosh/Downloads/Project 4/project4_ws/install/moveit_resources_panda_description/share/colcon-core/packages/moveit_resources_panda_description)
[0.911s] Level 1:colcon.colcon_core.environment:create_environment_scripts_only(moveit_resources_panda_description)
[0.911s] Level 1:colcon.colcon_core.environment:checking '/home/shanthosh/Downloads/Project 4/project4_ws/install/moveit_resources_panda_description' for CMake module files
[0.912s] Level 1:colcon.colcon_core.environment:checking '/home/shanthosh/Downloads/Project 4/project4_ws/install/moveit_resources_panda_description' for CMake config files
[0.912s] Level 1:colcon.colcon_core.shell:create_environment_hook('moveit_resources_panda_description', 'cmake_prefix_path')
[0.912s] INFO:colcon.colcon_core.shell:Creating environment hook '/home/shanthosh/Downloads/Project 4/project4_ws/install/moveit_resources_panda_description/share/moveit_resources_panda_description/hook/cmake_prefix_path.ps1'
[0.913s] INFO:colcon.colcon_core.shell:Creating environment descriptor '/home/shanthosh/Downloads/Project 4/project4_ws/install/moveit_resources_panda_description/share/moveit_resources_panda_description/hook/cmake_prefix_path.dsv'
[0.913s] INFO:colcon.colcon_core.shell:Creating environment hook '/home/shanthosh/Downloads/Project 4/project4_ws/install/moveit_resources_panda_description/share/moveit_resources_panda_description/hook/cmake_prefix_path.sh'
[0.914s] Level 1:colcon.colcon_core.environment:checking '/home/shanthosh/Downloads/Project 4/project4_ws/install/moveit_resources_panda_description/bin'
[0.914s] Level 1:colcon.colcon_core.environment:checking '/home/shanthosh/Downloads/Project 4/project4_ws/install/moveit_resources_panda_description/lib/pkgconfig/moveit_resources_panda_description.pc'
[0.914s] Level 1:colcon.colcon_core.environment:checking '/home/shanthosh/Downloads/Project 4/project4_ws/install/moveit_resources_panda_description/lib/python3.10/site-packages'
[0.914s] Level 1:colcon.colcon_core.environment:checking '/home/shanthosh/Downloads/Project 4/project4_ws/install/moveit_resources_panda_description/bin'
[0.914s] INFO:colcon.colcon_core.shell:Creating package script '/home/shanthosh/Downloads/Project 4/project4_ws/install/moveit_resources_panda_description/share/moveit_resources_panda_description/package.ps1'
[0.915s] INFO:colcon.colcon_core.shell:Creating package descriptor '/home/shanthosh/Downloads/Project 4/project4_ws/install/moveit_resources_panda_description/share/moveit_resources_panda_description/package.dsv'
[0.915s] INFO:colcon.colcon_core.shell:Creating package script '/home/shanthosh/Downloads/Project 4/project4_ws/install/moveit_resources_panda_description/share/moveit_resources_panda_description/package.sh'
[0.916s] INFO:colcon.colcon_core.shell:Creating package script '/home/shanthosh/Downloads/Project 4/project4_ws/install/moveit_resources_panda_description/share/moveit_resources_panda_description/package.bash'
[0.916s] INFO:colcon.colcon_core.shell:Creating package script '/home/shanthosh/Downloads/Project 4/project4_ws/install/moveit_resources_panda_description/share/moveit_resources_panda_description/package.zsh'
[0.916s] Level 1:colcon.colcon_core.environment:create_file_with_runtime_dependencies(/home/shanthosh/Downloads/Project 4/project4_ws/install/moveit_resources_panda_description/share/colcon-core/packages/moveit_resources_panda_description)
[0.917s] INFO:colcon.colcon_ros.task.ament_cmake.build:Building ROS package in '/home/shanthosh/Downloads/Project 4/project4_ws/src/panda_moveit_config' with build type 'ament_cmake'
[0.917s] INFO:colcon.colcon_cmake.task.cmake.build:Building CMake package in '/home/shanthosh/Downloads/Project 4/project4_ws/src/panda_moveit_config'
[0.917s] INFO:colcon.colcon_core.shell:Skip shell extension 'powershell' for command environment: Not usable outside of PowerShell
[0.917s] DEBUG:colcon.colcon_core.shell:Skip shell extension 'dsv' for command environment
[0.927s] DEBUG:colcon.colcon_core.event_handler.log_command:Invoking command in '/home/shanthosh/Downloads/Project 4/project4_ws/build/moveit_resources_panda_moveit_config': AMENT_PREFIX_PATH=/home/shanthosh/Downloads/Project 4/project4_ws/install/moveit_resources_panda_description:${AMENT_PREFIX_PATH} CMAKE_PREFIX_PATH=/home/shanthosh/Downloads/Project 4/project4_ws/install/moveit_resources_panda_description:/opt/ros/humble /usr/bin/cmake /home/shanthosh/Downloads/Project 4/project4_ws/src/panda_moveit_config -DPython3_EXECUTABLE=/usr/bin/python3 -DCMAKE_FIND_USE_PACKAGE_REGISTRY=FALSE -DCMAKE_FIND_USE_SYSTEM_PACKAGE_REGISTRY=FALSE -DCMAKE_IGNORE_PATH=/home/shanthosh/miniconda3 -DCMAKE_INSTALL_PREFIX=/home/shanthosh/Downloads/Project 4/project4_ws/install/moveit_resources_panda_moveit_config
[1.492s] DEBUG:colcon.colcon_core.event_handler.log_command:Invoked command in '/home/shanthosh/Downloads/Project 4/project4_ws/build/moveit_resources_panda_moveit_config' returned '0': AMENT_PREFIX_PATH=/home/shanthosh/Downloads/Project 4/project4_ws/install/moveit_resources_panda_description:${AMENT_PREFIX_PATH} CMAKE_PREFIX_PATH=/home/shanthosh/Downloads/Project 4/project4_ws/install/moveit_resources_panda_description:/opt/ros/humble /usr/bin/cmake /home/shanthosh/Downloads/Project 4/project4_ws/src/panda_moveit_config -DPython3_EXECUTABLE=/usr/bin/python3 -DCMAKE_FIND_USE_PACKAGE_REGISTRY=FALSE -DCMAKE_FIND_USE_SYSTEM_PACKAGE_REGISTRY=FALSE -DCMAKE_IGNORE_PATH=/home/shanthosh/miniconda3 -DCMAKE_INSTALL_PREFIX=/home/shanthosh/Downloads/Project 4/project4_ws/install/moveit_resources_panda_moveit_config
[1.493s] DEBUG:colcon.colcon_core.event_handler.log_command:Invoking command in '/home/shanthosh/Downloads/Project 4/project4_ws/build/moveit_resources_panda_moveit_config': AMENT_PREFIX_PATH=/home/shanthosh/Downloads/Project 4/project4_ws/install/moveit_resources_panda_description:${AMENT_PREFIX_PATH} CMAKE_PREFIX_PATH=/home/shanthosh/Downloads/Project 4/project4_ws/install/moveit_resources_panda_description:/opt/ros/humble /usr/bin/cmake --build /home/shanthosh/Downloads/Project 4/project4_ws/build/moveit_resources_panda_moveit_config -- -j12 -l12
[1.533s] DEBUG:colcon.colcon_core.event_handler.log_command:Invoked command in '/home/shanthosh/Downloads/Project 4/project4_ws/build/moveit_resources_panda_moveit_config' returned '0': AMENT_PREFIX_PATH=/home/shanthosh/Downloads/Project 4/project4_ws/install/moveit_resources_panda_description:${AMENT_PREFIX_PATH} CMAKE_PREFIX_PATH=/home/shanthosh/Downloads/Project 4/project4_ws/install/moveit_resources_panda_description:/opt/ros/humble /usr/bin/cmake --build /home/shanthosh/Downloads/Project 4/project4_ws/build/moveit_resources_panda_moveit_config -- -j12 -l12
[1.533s] DEBUG:colcon.colcon_core.event_handler.log_command:Invoking command in '/home/shanthosh/Downloads/Project 4/project4_ws/build/moveit_resources_panda_moveit_config': AMENT_PREFIX_PATH=/home/shanthosh/Downloads/Project 4/project4_ws/install/moveit_resources_panda_description:${AMENT_PREFIX_PATH} CMAKE_PREFIX_PATH=/home/shanthosh/Downloads/Project 4/project4_ws/install/moveit_resources_panda_description:/opt/ros/humble /usr/bin/cmake --install /home/shanthosh/Downloads/Project 4/project4_ws/build/moveit_resources_panda_moveit_config
[1.553s] Level 1:colcon.colcon_core.environment:create_environment_scripts_only(moveit_resources_panda_moveit_config)
[1.553s] Level 1:colcon.colcon_core.environment:checking '/home/shanthosh/Downloads/Project 4/project4_ws/install/moveit_resources_panda_moveit_config' for CMake module files
[1.553s] DEBUG:colcon.colcon_core.event_handler.log_command:Invoked command in '/home/shanthosh/Downloads/Project 4/project4_ws/build/moveit_resources_panda_moveit_config' returned '0': AMENT_PREFIX_PATH=/home/shanthosh/Downloads/Project 4/project4_ws/install/moveit_resources_panda_description:${AMENT_PREFIX_PATH} CMAKE_PREFIX_PATH=/home/shanthosh/Downloads/Project 4/project4_ws/install/moveit_resources_panda_description:/opt/ros/humble /usr/bin/cmake --install /home/shanthosh/Downloads/Project 4/project4_ws/build/moveit_resources_panda_moveit_config
[1.554s] Level 1:colcon.colcon_core.environment:checking '/home/shanthosh/Downloads/Project 4/project4_ws/install/moveit_resources_panda_moveit_config' for CMake config files
[1.554s] Level 1:colcon.colcon_core.shell:create_environment_hook('moveit_resources_panda_moveit_config', 'cmake_prefix_path')
[1.554s] INFO:colcon.colcon_core.shell:Creating environment hook '/home/shanthosh/Downloads/Project 4/project4_ws/install/moveit_resources_panda_moveit_config/share/moveit_resources_panda_moveit_config/hook/cmake_prefix_path.ps1'
[1.555s] INFO:colcon.colcon_core.shell:Creating environment descriptor '/home/shanthosh/Downloads/Project 4/project4_ws/install/moveit_resources_panda_moveit_config/share/moveit_resources_panda_moveit_config/hook/cmake_prefix_path.dsv'
[1.555s] INFO:colcon.colcon_core.shell:Creating environment hook '/home/shanthosh/Downloads/Project 4/project4_ws/install/moveit_resources_panda_moveit_config/share/moveit_resources_panda_moveit_config/hook/cmake_prefix_path.sh'
[1.556s] Level 1:colcon.colcon_core.environment:checking '/home/shanthosh/Downloads/Project 4/project4_ws/install/moveit_resources_panda_moveit_config/bin'
[1.556s] Level 1:colcon.colcon_core.environment:checking '/home/shanthosh/Downloads/Project 4/project4_ws/install/moveit_resources_panda_moveit_config/lib/pkgconfig/moveit_resources_panda_moveit_config.pc'
[1.556s] Level 1:colcon.colcon_core.environment:checking '/home/shanthosh/Downloads/Project 4/project4_ws/install/moveit_resources_panda_moveit_config/lib/python3.10/site-packages'
[1.556s] Level 1:colcon.colcon_core.environment:checking '/home/shanthosh/Downloads/Project 4/project4_ws/install/moveit_resources_panda_moveit_config/bin'
[1.556s] INFO:colcon.colcon_core.shell:Creating package script '/home/shanthosh/Downloads/Project 4/project4_ws/install/moveit_resources_panda_moveit_config/share/moveit_resources_panda_moveit_config/package.ps1'
[1.557s] INFO:colcon.colcon_core.shell:Creating package descriptor '/home/shanthosh/Downloads/Project 4/project4_ws/install/moveit_resources_panda_moveit_config/share/moveit_resources_panda_moveit_config/package.dsv'
[1.557s] INFO:colcon.colcon_core.shell:Creating package script '/home/shanthosh/Downloads/Project 4/project4_ws/install/moveit_resources_panda_moveit_config/share/moveit_resources_panda_moveit_config/package.sh'
[1.557s] INFO:colcon.colcon_core.shell:Creating package script '/home/shanthosh/Downloads/Project 4/project4_ws/install/moveit_resources_panda_moveit_config/share/moveit_resources_panda_moveit_config/package.bash'
[1.558s] INFO:colcon.colcon_core.shell:Creating package script '/home/shanthosh/Downloads/Project 4/project4_ws/install/moveit_resources_panda_moveit_config/share/moveit_resources_panda_moveit_config/package.zsh'
[1.558s] Level 1:colcon.colcon_core.environment:create_file_with_runtime_dependencies(/home/shanthosh/Downloads/Project 4/project4_ws/install/moveit_resources_panda_moveit_config/share/colcon-core/packages/moveit_resources_panda_moveit_config)
[1.559s] Level 1:colcon.colcon_core.environment:create_environment_scripts_only(moveit_resources_panda_moveit_config)
[1.559s] Level 1:colcon.colcon_core.environment:checking '/home/shanthosh/Downloads/Project 4/project4_ws/install/moveit_resources_panda_moveit_config' for CMake module files
[1.559s] Level 1:colcon.colcon_core.environment:checking '/home/shanthosh/Downloads/Project 4/project4_ws/install/moveit_resources_panda_moveit_config' for CMake config files
[1.560s] Level 1:colcon.colcon_core.shell:create_environment_hook('moveit_resources_panda_moveit_config', 'cmake_prefix_path')
[1.560s] INFO:colcon.colcon_core.shell:Creating environment hook '/home/shanthosh/Downloads/Project 4/project4_ws/install/moveit_resources_panda_moveit_config/share/moveit_resources_panda_moveit_config/hook/cmake_prefix_path.ps1'
[1.560s] INFO:colcon.colcon_core.shell:Creating environment descriptor '/home/shanthosh/Downloads/Project 4/project4_ws/install/moveit_resources_panda_moveit_config/share/moveit_resources_panda_moveit_config/hook/cmake_prefix_path.dsv'
[1.560s] INFO:colcon.colcon_core.shell:Creating environment hook '/home/shanthosh/Downloads/Project 4/project4_ws/install/moveit_resources_panda_moveit_config/share/moveit_resources_panda_moveit_config/hook/cmake_prefix_path.sh'
[1.561s] Level 1:colcon.colcon_core.environment:checking '/home/shanthosh/Downloads/Project 4/project4_ws/install/moveit_resources_panda_moveit_config/bin'
[1.561s] Level 1:colcon.colcon_core.environment:checking '/home/shanthosh/Downloads/Project 4/project4_ws/install/moveit_resources_panda_moveit_config/lib/pkgconfig/moveit_resources_panda_moveit_config.pc'
[1.561s] Level 1:colcon.colcon_core.environment:checking '/home/shanthosh/Downloads/Project 4/project4_ws/install/moveit_resources_panda_moveit_config/lib/python3.10/site-packages'
[1.562s] Level 1:colcon.colcon_core.environment:checking '/home/shanthosh/Downloads/Project 4/project4_ws/install/moveit_resources_panda_moveit_config/bin'
[1.562s] INFO:colcon.colcon_core.shell:Creating package script '/home/shanthosh/Downloads/Project 4/project4_ws/install/moveit_resources_panda_moveit_config/share/moveit_resources_panda_moveit_config/package.ps1'
[1.562s] INFO:colcon.colcon_core.shell:Creating package descriptor '/home/shanthosh/Downloads/Project 4/project4_ws/install/moveit_resources_panda_moveit_config/share/moveit_resources_panda_moveit_config/package.dsv'
[1.563s] INFO:colcon.colcon_core.shell:Creating package script '/home/shanthosh/Downloads/Project 4/project4_ws/install/moveit_resources_panda_moveit_config/share/moveit_resources_panda_moveit_config/package.sh'
[1.563s] INFO:colcon.colcon_core.shell:Creating package script '/home/shanthosh/Downloads/Project 4/project4_ws/install/moveit_resources_panda_moveit_config/share/moveit_resources_panda_moveit_config/package.bash'
[1.564s] INFO:colcon.colcon_core.shell:Creating package script '/home/shanthosh/Downloads/Project 4/project4_ws/install/moveit_resources_panda_moveit_config/share/moveit_resources_panda_moveit_config/package.zsh'
[1.564s] Level 1:colcon.colcon_core.environment:create_file_with_runtime_dependencies(/home/shanthosh/Downloads/Project 4/project4_ws/install/moveit_resources_panda_moveit_config/share/colcon-core/packages/moveit_resources_panda_moveit_config)
[1.771s] DEBUG:colcon.colcon_core.event_handler.log_command:Invoked command in '/home/shanthosh/Downloads/Project 4/project4_ws/build/package_uid' returned '0': CMAKE_PREFIX_PATH=/opt/ros/humble /usr/bin/cmake /home/shanthosh/Downloads/Project 4/project4_ws/src/package_uid -DPython3_EXECUTABLE=/usr/bin/python3 -DCMAKE_FIND_USE_PACKAGE_REGISTRY=FALSE -DCMAKE_FIND_USE_SYSTEM_PACKAGE_REGISTRY=FALSE -DCMAKE_IGNORE_PATH=/home/shanthosh/miniconda3 -DCMAKE_INSTALL_PREFIX=/home/shanthosh/Downloads/Project 4/project4_ws/install/package_uid
[1.772s] DEBUG:colcon.colcon_core.event_handler.log_command:Invoking command in '/home/shanthosh/Downloads/Project 4/project4_ws/build/package_uid': CMAKE_PREFIX_PATH=/opt/ros/humble /usr/bin/cmake --build /home/shanthosh/Downloads/Project 4/project4_ws/build/package_uid -- -j12 -l12
[7.711s] DEBUG:colcon.colcon_core.event_handler.log_command:Invoked command in '/home/shanthosh/Downloads/Project 4/project4_ws/build/package_uid' returned '0': CMAKE_PREFIX_PATH=/opt/ros/humble /usr/bin/cmake --build /home/shanthosh/Downloads/Project 4/project4_ws/build/package_uid -- -j12 -l12
[7.712s] DEBUG:colcon.colcon_core.event_handler.log_command:Invoking command in '/home/shanthosh/Downloads/Project 4/project4_ws/build/package_uid': CMAKE_PREFIX_PATH=/opt/ros/humble /usr/bin/cmake --install /home/shanthosh/Downloads/Project 4/project4_ws/build/package_uid
[31.589s] Level 1:colcon.colcon_core.environment:create_environment_scripts_only(package_uid)
[31.590s] Level 1:colcon.colcon_core.environment:checking '/home/shanthosh/Downloads/Project 4/project4_ws/install/package_uid' for CMake module files
[31.590s] DEBUG:colcon.colcon_core.event_handler.log_command:Invoked command in '/home/shanthosh/Downloads/Project 4/project4_ws/build/package_uid' returned '0': CMAKE_PREFIX_PATH=/opt/ros/humble /usr/bin/cmake --install /home/shanthosh/Downloads/Project 4/project4_ws/build/package_uid
[31.591s] Level 1:colcon.colcon_core.environment:checking '/home/shanthosh/Downloads/Project 4/project4_ws/install/package_uid' for CMake config files
[31.591s] Level 1:colcon.colcon_core.shell:create_environment_hook('package_uid', 'cmake_prefix_path')
[31.591s] INFO:colcon.colcon_core.shell:Creating environment hook '/home/shanthosh/Downloads/Project 4/project4_ws/install/package_uid/share/package_uid/hook/cmake_prefix_path.ps1'
[31.592s] INFO:colcon.colcon_core.shell:Creating environment descriptor '/home/shanthosh/Downloads/Project 4/project4_ws/install/package_uid/share/package_uid/hook/cmake_prefix_path.dsv'
[31.592s] INFO:colcon.colcon_core.shell:Creating environment hook '/home/shanthosh/Downloads/Project 4/project4_ws/install/package_uid/share/package_uid/hook/cmake_prefix_path.sh'
[31.593s] Level 1:colcon.colcon_core.environment:checking '/home/shanthosh/Downloads/Project 4/project4_ws/install/package_uid/lib'
[31.593s] Level 1:colcon.colcon_core.environment:checking '/home/shanthosh/Downloads/Project 4/project4_ws/install/package_uid/bin'
[31.593s] Level 1:colcon.colcon_core.environment:checking '/home/shanthosh/Downloads/Project 4/project4_ws/install/package_uid/lib/pkgconfig/package_uid.pc'
[31.593s] Level 1:colcon.colcon_core.environment:checking '/home/shanthosh/Downloads/Project 4/project4_ws/install/package_uid/lib/python3.10/site-packages'
[31.594s] Level 1:colcon.colcon_core.environment:checking '/home/shanthosh/Downloads/Project 4/project4_ws/install/package_uid/bin'
[31.594s] INFO:colcon.colcon_core.shell:Creating package script '/home/shanthosh/Downloads/Project 4/project4_ws/install/package_uid/share/package_uid/package.ps1'
[31.595s] INFO:colcon.colcon_core.shell:Creating package descriptor '/home/shanthosh/Downloads/Project 4/project4_ws/install/package_uid/share/package_uid/package.dsv'
[31.595s] INFO:colcon.colcon_core.shell:Creating package script '/home/shanthosh/Downloads/Project 4/project4_ws/install/package_uid/share/package_uid/package.sh'
[31.595s] INFO:colcon.colcon_core.shell:Creating package script '/home/shanthosh/Downloads/Project 4/project4_ws/install/package_uid/share/package_uid/package.bash'
[31.596s] INFO:colcon.colcon_core.shell:Creating package script '/home/shanthosh/Downloads/Project 4/project4_ws/install/package_uid/share/package_uid/package.zsh'
[31.596s] Level 1:colcon.colcon_core.environment:create_file_with_runtime_dependencies(/home/shanthosh/Downloads/Project 4/project4_ws/install/package_uid/share/colcon-core/packages/package_uid)
[31.596s] Level 1:colcon.colcon_core.environment:create_environment_scripts_only(package_uid)
[31.597s] Level 1:colcon.colcon_core.environment:checking '/home/shanthosh/Downloads/Project 4/project4_ws/install/package_uid' for CMake module files
[31.597s] Level 1:colcon.colcon_core.environment:checking '/home/shanthosh/Downloads/Project 4/project4_ws/install/package_uid' for CMake config files
[31.597s] Level 1:colcon.colcon_core.shell:create_environment_hook('package_uid', 'cmake_prefix_path')
[31.597s] INFO:colcon.colcon_core.shell:Creating environment hook '/home/shanthosh/Downloads/Project 4/project4_ws/install/package_uid/share/package_uid/hook/cmake_prefix_path.ps1'
[31.598s] INFO:colcon.colcon_core.shell:Creating environment descriptor '/home/shanthosh/Downloads/Project 4/project4_ws/install/package_uid/share/package_uid/hook/cmake_prefix_path.dsv'
[31.598s] INFO:colcon.colcon_core.shell:Creating environment hook '/home/shanthosh/Downloads/Project 4/project4_ws/install/package_uid/share/package_uid/hook/cmake_prefix_path.sh'
[31.598s] Level 1:colcon.colcon_core.environment:checking '/home/shanthosh/Downloads/Project 4/project4_ws/install/package_uid/lib'
[31.598s] Level 1:colcon.colcon_core.environment:checking '/home/shanthosh/Downloads/Project 4/project4_ws/install/package_uid/bin'
[31.598s] Level 1:colcon.colcon_core.environment:checking '/home/shanthosh/Downloads/Project 4/project4_ws/install/package_uid/lib/pkgconfig/package_uid.pc'
[31.598s] Level 1:colcon.colcon_core.environment:checking '/home/shanthosh/Downloads/Project 4/project4_ws/install/package_uid/lib/python3.10/site-packages'
[31.599s] Level 1:colcon.colcon_core.environment:checking '/home/shanthosh/Downloads/Project 4/project4_ws/install/package_uid/bin'
[31.599s] INFO:colcon.colcon_core.shell:Creating package script '/home/shanthosh/Downloads/Project 4/project4_ws/install/package_uid/share/package_uid/package.ps1'
[31.599s] INFO:colcon.colcon_core.shell:Creating package descriptor '/home/shanthosh/Downloads/Project 4/project4_ws/install/package_uid/share/package_uid/package.dsv'
[31.604s] INFO:colcon.colcon_core.shell:Creating package script '/home/shanthosh/Downloads/Project 4/project4_ws/install/package_uid/share/package_uid/package.sh'
[31.604s] INFO:colcon.colcon_core.shell:Creating package script '/home/shanthosh/Downloads/Project 4/project4_ws/install/package_uid/share/package_uid/package.bash'
[31.604s] INFO:colcon.colcon_core.shell:Creating package script '/home/shanthosh/Downloads/Project 4/project4_ws/install/package_uid/share/package_uid/package.zsh'
[31.605s] Level 1:colcon.colcon_core.environment:create_file_with_runtime_dependencies(/home/shanthosh/Downloads/Project 4/project4_ws/install/package_uid/share/colcon-core/packages/package_uid)
[31.605s] DEBUG:colcon.colcon_parallel_executor.executor.parallel:closing loop
[31.605s] DEBUG:colcon.colcon_parallel_executor.executor.parallel:loop closed
[31.605s] DEBUG:colcon.colcon_parallel_executor.executor.parallel:run_until_complete finished with '0'
[31.605s] DEBUG:colcon.colcon_core.event_reactor:joining thread
[31.611s] INFO:colcon.colcon_core.plugin_system:Skipping extension 'colcon_notification.desktop_notification.terminal_notifier': Not used on non-Darwin systems
[31.611s] INFO:colcon.colcon_core.plugin_system:Skipping extension 'colcon_notification.desktop_notification.win32': Not used on non-Windows systems
[31.611s] INFO:colcon.colcon_notification.desktop_notification:Sending desktop notification using 'notify2'
[31.611s] DEBUG:colcon.colcon_notification.desktop_notification.notify2:Failed to initialize notify2: org.freedesktop.DBus.Error.NotSupported: Unable to autolaunch a dbus-daemon without a $DISPLAY for X11
[31.611s] DEBUG:colcon.colcon_core.event_reactor:joined thread
[31.611s] INFO:colcon.colcon_core.shell:Creating prefix script '/home/shanthosh/Downloads/Project 4/project4_ws/install/local_setup.ps1'
[31.612s] INFO:colcon.colcon_core.shell:Creating prefix util module '/home/shanthosh/Downloads/Project 4/project4_ws/install/_local_setup_util_ps1.py'
[31.613s] INFO:colcon.colcon_core.shell:Creating prefix chain script '/home/shanthosh/Downloads/Project 4/project4_ws/install/setup.ps1'
[31.613s] INFO:colcon.colcon_core.shell:Creating prefix script '/home/shanthosh/Downloads/Project 4/project4_ws/install/local_setup.sh'
[31.614s] INFO:colcon.colcon_core.shell:Creating prefix util module '/home/shanthosh/Downloads/Project 4/project4_ws/install/_local_setup_util_sh.py'
[31.614s] INFO:colcon.colcon_core.shell:Creating prefix chain script '/home/shanthosh/Downloads/Project 4/project4_ws/install/setup.sh'
[31.615s] INFO:colcon.colcon_core.shell:Creating prefix script '/home/shanthosh/Downloads/Project 4/project4_ws/install/local_setup.bash'
[31.615s] INFO:colcon.colcon_core.shell:Creating prefix chain script '/home/shanthosh/Downloads/Project 4/project4_ws/install/setup.bash'
[31.616s] INFO:colcon.colcon_core.shell:Creating prefix script '/home/shanthosh/Downloads/Project 4/project4_ws/install/local_setup.zsh'
[31.616s] INFO:colcon.colcon_core.shell:Creating prefix chain script '/home/shanthosh/Downloads/Project 4/project4_ws/install/setup.zsh'
